Component: ARM Compiler 5.06 update 5 (build 528) Tool: armlink [4d35e2]

==============================================================================

Section Cross References

    main.o(i.CAL_CountDown) refers to lcd.o(i.LCD_Fill) for LCD_Fill
    main.o(i.CAL_CountDown) refers to lcd.o(i.LCD_DrawLine) for LCD_DrawLine
    main.o(i.CAL_CountDown) refers to delay.o(i.delay_ms) for delay_ms
    main.o(i.CAL_CountDown) refers to lcd.o(.data) for BACK_COLOR
    main.o(i.Item_Refresh) refers to lcd.o(i.LCD_Fill) for LCD_Fill
    main.o(i.Item_Refresh) refers to pwm.o(i.SetBoostPWM_Freq) for SetBoostPWM_Freq
    main.o(i.Item_Refresh) refers to pwm.o(i.SetAngle) for SetAngle
    main.o(i.Item_Refresh) refers to pwm.o(i.SetBoostPWM_Duty) for SetBoostPWM_Duty
    main.o(i.Item_Refresh) refers to lcd.o(i.LCD_ShowString) for LCD_ShowString
    main.o(i.Item_Refresh) refers to lcd.o(i.LCD_ShowNum) for LCD_ShowNum
    main.o(i.Item_Refresh) refers to dflt_clz.o(x$fpl$dfltu) for __aeabi_ui2d
    main.o(i.Item_Refresh) refers to ddiv.o(x$fpl$ddiv) for __aeabi_ddiv
    main.o(i.Item_Refresh) refers to d2f.o(x$fpl$d2f) for __aeabi_d2f
    main.o(i.Item_Refresh) refers to main.o(.data) for Main_item
    main.o(i.Item_Refresh) refers to main.o(.bss) for param
    main.o(i.Key_Aciton) refers to dflt_clz.o(x$fpl$dfltu) for __aeabi_ui2d
    main.o(i.Key_Aciton) refers to dmul.o(x$fpl$dmul) for __aeabi_dmul
    main.o(i.Key_Aciton) refers to drleqf.o(x$fpl$drleqf) for __aeabi_cdrcmple
    main.o(i.Key_Aciton) refers to dfixu.o(x$fpl$dfixu) for __aeabi_d2uiz
    main.o(i.Key_Aciton) refers to main.o(.bss) for param
    main.o(i.Key_Aciton) refers to main.o(.data) for item
    main.o(i.Key_Aciton) refers to lcd.o(.data) for POINT_COLOR
    main.o(i.Key_Aciton) refers to lcd.o(i.LCD_ShowString) for LCD_ShowString
    main.o(i.main) refers to _printf_pad.o(.text) for _printf_pre_padding
    main.o(i.main) refers to _printf_percent.o(.ARM.Collect$$_printf_percent$$00000000) for _printf_percent
    main.o(i.main) refers to _printf_x.o(.ARM.Collect$$_printf_percent$$0000000C) for _printf_x
    main.o(i.main) refers to _printf_hex_int.o(.text) for _printf_longlong_hex
    main.o(i.main) refers to stm32f4xx_hal.o(i.HAL_Init) for HAL_Init
    main.o(i.main) refers to sys.o(i.Stm32_Clock_Init) for Stm32_Clock_Init
    main.o(i.main) refers to delay.o(i.delay_init) for delay_init
    main.o(i.main) refers to usart.o(i.uart_init) for uart_init
    main.o(i.main) refers to led.o(i.LED_Init) for LED_Init
    main.o(i.main) refers to lcd.o(i.LCD_Init) for LCD_Init
    main.o(i.main) refers to pwm.o(i.TIM3_PWM_Init) for TIM3_PWM_Init
    main.o(i.main) refers to timer.o(i.TIM4_Init) for TIM4_Init
    main.o(i.main) refers to pwm.o(i.SetAngle) for SetAngle
    main.o(i.main) refers to key.o(i.KEY_Init) for KEY_Init
    main.o(i.main) refers to noretval__2sprintf.o(.text) for __2sprintf
    main.o(i.main) refers to lcd.o(i.LCD_Clear) for LCD_Clear
    main.o(i.main) refers to lcd.o(i.LCD_ShowString) for LCD_ShowString
    main.o(i.main) refers to dflt_clz.o(x$fpl$dfltu) for __aeabi_ui2d
    main.o(i.main) refers to dmul.o(x$fpl$dmul) for __aeabi_dmul
    main.o(i.main) refers to drleqf.o(x$fpl$drleqf) for __aeabi_cdrcmple
    main.o(i.main) refers to dfixu.o(x$fpl$dfixu) for __aeabi_d2uiz
    main.o(i.main) refers to ddiv.o(x$fpl$ddiv) for __aeabi_ddiv
    main.o(i.main) refers to d2f.o(x$fpl$d2f) for __aeabi_d2f
    main.o(i.main) refers to lcd.o(i.LCD_ShowNum) for LCD_ShowNum
    main.o(i.main) refers to lcd.o(.data) for POINT_COLOR
    main.o(i.main) refers to lcd.o(.bss) for lcddev
    main.o(i.main) refers to main.o(.bss) for param
    main.o(i.main) refers to main.o(.data) for DutyMax
    main.o(i.main) refers to key.o(i.KEY_Scan) for KEY_Scan
    main.o(i.main) refers to lcd.o(i.LCD_Fill) for LCD_Fill
    main.o(i.main) refers to main.o(i.Key_Aciton) for Key_Aciton
    main.o(i.main) refers to main.o(i.Item_Refresh) for Item_Refresh
    main.o(i.main) refers to main.o(i.CAL_CountDown) for CAL_CountDown
    main.o(i.main) refers to delay.o(i.delay_ms) for delay_ms
    main.o(i.main) refers to lcd.o(i.LCD_Draw_Circle) for LCD_Draw_Circle
    main.o(i.main) refers to mada.o(.data) for mode
    main.o(.data) refers to main.o(.conststring) for .conststring
    stm32f4xx_it.o(i.SysTick_Handler) refers to stm32f4xx_hal.o(i.HAL_IncTick) for HAL_IncTick
    system_stm32f4xx.o(i.SystemCoreClockUpdate) refers to system_stm32f4xx.o(.data) for SystemCoreClock
    mada.o(i.Mada_execute) refers to mada.o(i.Mada_out) for Mada_out
    mada.o(i.Mada_execute) refers to mada.o(.data) for time
    mada.o(i.Mada_out) refers to mada.o(.data) for Mada_param
    mada.o(i.Mada_out) refers to mada.o(.bss) for TimeCnt
    mada.o(i.Mada_out0) refers to mada.o(.data) for Mada_param
    mada.o(i.Mada_out0) refers to mada.o(.bss) for TimeCnt
    startup_stm32f429xx.o(STACK) refers (Special) to heapauxi.o(.text) for __use_two_region_memory
[...]
    .text                                    0x080004c0   Section        0  _printf_intcommon.o(.text)
    .text                                    0x08000574   Section        0  _printf_char_common.o(.text)
    _printf_input_char                       0x08000575   Thumb Code    10  _printf_char_common.o(.text)
    .text                                    0x080005a4   Section        0  _sputc.o(.text)
    .text                                    0x080005b0   Section        0  _printf_char_file.o(.text)
    .text                                    0x080005d4   Section        0  ferror.o(.text)
    .text                                    0x080005dc   Section       74  sys_stackheap_outer.o(.text)
    .text                                    0x08000626   Section        0  exit.o(.text)
    .text                                    0x08000638   Section        8  libspace.o(.text)
    i.BusFault_Handler                       0x08000640   Section        0  stm32f4xx_it.o(i.BusFault_Handler)
    i.CAL_CountDown                          0x08000644   Section        0  main.o(i.CAL_CountDown)
    i.DebugMon_Handler                       0x08000950   Section        0  stm32f4xx_it.o(i.DebugMon_Handler)
    i.FMC_NORSRAM_Extended_Timing_Init       0x08000954   Section        0  stm32f4xx_ll_fmc.o(i.FMC_NORSRAM_Extended_Timing_Init)
    i.FMC_NORSRAM_Init                       0x0800099c   Section        0  stm32f4xx_ll_fmc.o(i.FMC_NORSRAM_Init)
    i.FMC_NORSRAM_Timing_Init                0x08000a1c   Section        0  stm32f4xx_ll_fmc.o(i.FMC_NORSRAM_Timing_Init)
    i.HAL_GPIO_Init                          0x08000a7c   Section        0  stm32f4xx_hal_gpio.o(i.HAL_GPIO_Init)
    i.HAL_GPIO_ReadPin                       0x08000c98   Section        0  stm32f4xx_hal_gpio.o(i.HAL_GPIO_ReadPin)
    i.HAL_GPIO_WritePin                      0x08000ca8   Section        0  stm32f4xx_hal_gpio.o(i.HAL_GPIO_WritePin)
    i.HAL_GetTick                            0x08000cb4   Section        0  stm32f4xx_hal.o(i.HAL_GetTick)
    i.HAL_IncTick                            0x08000cc0   Section        0  stm32f4xx_hal.o(i.HAL_IncTick)
    i.HAL_Init                               0x08000cd0   Section        0  stm32f4xx_hal.o(i.HAL_Init)
    i.HAL_InitTick                           0x08000d0c   Section        0  stm32f4xx_hal.o(i.HAL_InitTick)
    i.HAL_MspInit                            0x08000d30   Section        0  stm32f4xx_hal.o(i.HAL_MspInit)
    i.HAL_NVIC_EnableIRQ                     0x08000d3a   Section        0  stm32f4xx_hal_cortex.o(i.HAL_NVIC_EnableIRQ)
    i.HAL_NVIC_SetPriority                   0x08000d54   Section        0  stm32f4xx_hal_cortex.o(i.HAL_NVIC_SetPriority)
    i.HAL_NVIC_SetPriorityGrouping           0x08000dd0   Section        0  stm32f4xx_hal_cortex.o(i.HAL_NVIC_SetPriorityGrouping)
    i.HAL_PWREx_EnableOverDrive              0x08000df8   Section        0  stm32f4xx_hal_pwr_ex.o(i.HAL_PWREx_EnableOverDrive)
    i.HAL_RCC_ClockConfig                    0x08000e9c   Section        0  stm32f4xx_hal_rcc.o(i.HAL_RCC_ClockConfig)
    i.HAL_RCC_GetHCLKFreq                    0x0800114c   Section        0  stm32f4xx_hal_rcc.o(i.HAL_RCC_GetHCLKFreq)
    i.HAL_RCC_GetPCLK1Freq                   0x08001184   Section        0  stm32f4xx_hal_rcc.o(i.HAL_RCC_GetPCLK1Freq)
    i.HAL_RCC_GetPCLK2Freq                   0x080011b0   Section        0  stm32f4xx_hal_rcc.o(i.HAL_RCC_GetPCLK2Freq)
    i.HAL_RCC_GetSysClockFreq                0x080011dc   Section        0  stm32f4xx_hal_rcc.o(i.HAL_RCC_GetSysClockFreq)
    i.HAL_RCC_OscConfig                      0x08001290   Section        0  stm32f4xx_hal_rcc.o(i.HAL_RCC_OscConfig)
    i.HAL_SRAM_Init                          0x08001698   Section        0  stm32f4xx_hal_sram.o(i.HAL_SRAM_Init)
    i.HAL_SRAM_MspInit                       0x080016f0   Section        0  lcd.o(i.HAL_SRAM_MspInit)
    i.HAL_SYSTICK_CLKSourceConfig            0x08001794   Section        0  stm32f4xx_hal_cortex.o(i.HAL_SYSTICK_CLKSourceConfig)
    i.HAL_SYSTICK_Config                     0x080017bc   Section        0  stm32f4xx_hal_cortex.o(i.HAL_SYSTICK_Config)
    i.HAL_TIMEx_BreakCallback                0x080017f0   Section        0  stm32f4xx_hal_tim_ex.o(i.HAL_TIMEx_BreakCallback)
    i.HAL_TIMEx_CommutationCallback          0x080017f2   Section        0  stm32f4xx_hal_tim_ex.o(i.HAL_TIMEx_CommutationCallback)
    i.HAL_TIM_Base_Init                      0x080017f4   Section        0  stm32f4xx_hal_tim.o(i.HAL_TIM_Base_Init)
    i.HAL_TIM_Base_MspInit                   0x08001828   Section        0  timer.o(i.HAL_TIM_Base_MspInit)
    i.HAL_TIM_Base_Start_IT                  0x08001870   Section        0  stm32f4xx_hal_tim.o(i.HAL_TIM_Base_Start_IT)
    i.HAL_TIM_IC_CaptureCallback             0x0800188e   Section        0  stm32f4xx_hal_tim.o(i.HAL_TIM_IC_CaptureCallback)
    i.HAL_TIM_IRQHandler                     0x08001890   Section        0  stm32f4xx_hal_tim.o(i.HAL_TIM_IRQHandler)
    i.HAL_TIM_OC_DelayElapsedCallback        0x08001a26   Section        0  stm32f4xx_hal_tim.o(i.HAL_TIM_OC_DelayElapsedCallback)
    i.HAL_TIM_PWM_ConfigChannel              0x08001a28   Section        0  stm32f4xx_hal_tim.o(i.HAL_TIM_PWM_ConfigChannel)
    i.HAL_TIM_PWM_Init                       0x08001b30   Section        0  stm32f4xx_hal_tim.o(i.HAL_TIM_PWM_Init)
    i.HAL_TIM_PWM_MspInit                    0x08001b64   Section        0  pwm.o(i.HAL_TIM_PWM_MspInit)
    i.HAL_TIM_PWM_PulseFinishedCallback      0x08001bd4   Section        0  stm32f4xx_hal_tim.o(i.HAL_TIM_PWM_PulseFinishedCallback)
    i.HAL_TIM_PWM_Start                      0x08001bd8   Section        0  stm32f4xx_hal_tim.o(i.HAL_TIM_PWM_Start)
    i.HAL_TIM_PeriodElapsedCallback          0x08001c24   Section        0  timer.o(i.HAL_TIM_PeriodElapsedCallback)
    i.HAL_TIM_TriggerCallback                0x08001c54   Section        0  stm32f4xx_hal_tim.o(i.HAL_TIM_TriggerCallback)
    i.HAL_UART_ErrorCallback                 0x08001c56   Section        0  stm32f4xx_hal_uart.o(i.HAL_UART_ErrorCallback)
    i.HAL_UART_IRQHandler                    0x08001c58   Section        0  stm32f4xx_hal_uart.o(i.HAL_UART_IRQHandler)
    i.HAL_UART_Init                          0x08001d88   Section        0  stm32f4xx_hal_uart.o(i.HAL_UART_Init)
    i.HAL_UART_MspInit                       0x08001df8   Section        0  usart.o(i.HAL_UART_MspInit)
    i.HAL_UART_Receive                       0x08001eac   Section        0  stm32f4xx_hal_uart.o(i.HAL_UART_Receive)
    i.HAL_UART_RxCpltCallback                0x08001fa4   Section        0  stm32f4xx_hal_uart.o(i.HAL_UART_RxCpltCallback)
    i.HAL_UART_TxCpltCallback                0x08001fa6   Section        0  stm32f4xx_hal_uart.o(i.HAL_UART_TxCpltCallback)
    i.HardFault_Handler                      0x08001fa8   Section        0  stm32f4xx_it.o(i.HardFault_Handler)
    i.Item_Refresh                           0x08001fac   Section        0  main.o(i.Item_Refresh)
    i.KEY_Init                               0x08002410   Section        0  key.o(i.KEY_Init)
    i.KEY_Scan                               0x080024c4   Section        0  key.o(i.KEY_Scan)
    i.Key_Aciton                             0x0800260c   Section        0  main.o(i.Key_Aciton)
    i.LCD_Clear                              0x08002d8c   Section        0  lcd.o(i.LCD_Clear)
    i.LCD_Display_Dir                        0x08002dc0   Section        0  lcd.o(i.LCD_Display_Dir)
    i.LCD_DrawLine                           0x08002f20   Section        0  lcd.o(i.LCD_DrawLine)
    i.LCD_DrawPoint                          0x08002fd0   Section        0  lcd.o(i.LCD_DrawPoint)
    i.LCD_Draw_Circle                        0x08002ff4   Section        0  lcd.o(i.LCD_Draw_Circle)
    i.LCD_Fast_DrawPoint                     0x0800308c   Section        0  lcd.o(i.LCD_Fast_DrawPoint)
    i.LCD_Fill                               0x08003194   Section        0  lcd.o(i.LCD_Fill)
    i.LCD_Init                               0x080031e8   Section        0  lcd.o(i.LCD_Init)
    i.LCD_Pow                                0x0800565c   Section        0  lcd.o(i.LCD_Pow)
    i.LCD_RD_DATA                            0x08005674   Section        0  lcd.o(i.LCD_RD_DATA)
    i.LCD_SSD_BackLightSet                   0x08005688   Section        0  lcd.o(i.LCD_SSD_BackLightSet)
    i.LCD_Scan_Dir                           0x080056e8   Section        0  lcd.o(i.LCD_Scan_Dir)
    i.LCD_SetCursor                          0x0800595c   Section        0  lcd.o(i.LCD_SetCursor)
    i.LCD_ShowChar                           0x08005a94   Section        0  lcd.o(i.LCD_ShowChar)
    i.LCD_ShowNum                            0x08005c20   Section        0  lcd.o(i.LCD_ShowNum)
    i.LCD_ShowString                         0x08005cb4   Section        0  lcd.o(i.LCD_ShowString)
    i.LCD_WR_DATA                            0x08005d44   Section        0  lcd.o(i.LCD_WR_DATA)
    i.LCD_WR_REG                             0x08005d5c   Section        0  lcd.o(i.LCD_WR_REG)
    i.LCD_WriteRAM_Prepare                   0x08005d74   Section        0  lcd.o(i.LCD_WriteRAM_Prepare)
    i.LCD_WriteReg                           0x08005d88   Section        0  lcd.o(i.LCD_WriteReg)
    i.LED_Init                               0x08005d98   Section        0  led.o(i.LED_Init)
    i.Mada_execute                           0x08005df4   Section        0  mada.o(i.Mada_execute)
    i.Mada_out                               0x08006128   Section        0  mada.o(i.Mada_out)
    i.MemManage_Handler                      0x0800624c   Section        0  stm32f4xx_it.o(i.MemManage_Handler)
    i.NMI_Handler                            0x08006250   Section        0  stm32f4xx_it.o(i.NMI_Handler)
    i.NVIC_GetPriorityGrouping               0x08006254   Section        0  stm32f4xx_hal_cortex.o(i.NVIC_GetPriorityGrouping)
    NVIC_GetPriorityGrouping                 0x08006255   Thumb Code    10  stm32f4xx_hal_cortex.o(i.NVIC_GetPriorityGrouping)
    i.NVIC_SetPriority                       0x08006264   Section        0  stm32f4xx_hal_cortex.o(i.NVIC_SetPriority)
    NVIC_SetPriority                         0x08006265   Thumb Code    32  stm32f4xx_hal_cortex.o(i.NVIC_SetPriority)
    i.PendSV_Handler                         0x0800628c   Section        0  stm32f4xx_it.o(i.PendSV_Handler)
    i.SVC_Handler                            0x0800628e   Section        0  stm32f4xx_it.o(i.SVC_Handler)
    i.SetAngle                               0x08006290   Section        0  pwm.o(i.SetAngle)
    i.SetBoostPWM_Duty                       0x08006318   Section        0  pwm.o(i.SetBoostPWM_Duty)
    i.SetBoostPWM_Freq                       0x080063a0   Section        0  pwm.o(i.SetBoostPWM_Freq)
    i.Stm32_Clock_Init                       0x08006428   Section        0  sys.o(i.Stm32_Clock_Init)
    i.SysTick_Handler                        0x080064e0   Section        0  stm32f4xx_it.o(i.SysTick_Handler)
    i.SystemInit                             0x080064e8   Section        0  system_stm32f4xx.o(i.SystemInit)
    i.TIM3_PWM_Init                          0x0800654c   Section        0  pwm.o(i.TIM3_PWM_Init)
    i.TIM4_IRQHandler                        0x08006598   Section        0  timer.o(i.TIM4_IRQHandler)
    i.TIM4_Init                              0x080065a8   Section        0  timer.o(i.TIM4_Init)
    i.TIM_Base_SetConfig                     0x080065d4   Section        0  stm32f4xx_hal_tim.o(i.TIM_Base_SetConfig)
    i.TIM_CCxChannelCmd                      0x080066b8   Section        0  stm32f4xx_hal_tim.o(i.TIM_CCxChannelCmd)
    i.TIM_OC1_SetConfig                      0x080066d4   Section        0  stm32f4xx_hal_tim.o(i.TIM_OC1_SetConfig)
    TIM_OC1_SetConfig                        0x080066d5   Thumb Code   102  stm32f4xx_hal_tim.o(i.TIM_OC1_SetConfig)
    i.TIM_OC2_SetConfig                      0x08006744   Section        0  stm32f4xx_hal_tim.o(i.TIM_OC2_SetConfig)
    i.TIM_OC3_SetConfig                      0x080067bc   Section        0  stm32f4xx_hal_tim.o(i.TIM_OC3_SetConfig)
    TIM_OC3_SetConfig                        0x080067bd   Thumb Code   110  stm32f4xx_hal_tim.o(i.TIM_OC3_SetConfig)
    i.TIM_OC4_SetConfig                      0x08006834   Section        0  stm32f4xx_hal_tim.o(i.TIM_OC4_SetConfig)
    TIM_OC4_SetConfig                        0x08006835   Thumb Code    88  stm32f4xx_hal_tim.o(i.TIM_OC4_SetConfig)
    i.UART_EndTransmit_IT                    0x08006894   Section        0  stm32f4xx_hal_uart.o(i.UART_EndTransmit_IT)
    UART_EndTransmit_IT                      0x08006895   Thumb Code    48  stm32f4xx_hal_uart.o(i.UART_EndTransmit_IT)
    i.UART_Receive_IT                        0x080068c4   Section        0  stm32f4xx_hal_uart.o(i.UART_Receive_IT)
    UART_Receive_IT                          0x080068c5   Thumb Code   188  stm32f4xx_hal_uart.o(i.UART_Receive_IT)
    i.UART_SetConfig                         0x08006980   Section        0  stm32f4xx_hal_uart.o(i.UART_SetConfig)
    UART_SetConfig                           0x08006981   Thumb Code   538  stm32f4xx_hal_uart.o(i.UART_SetConfig)
    i.UART_Transmit_IT                       0x08006ba4   Section        0  stm32f4xx_hal_uart.o(i.UART_Transmit_IT)
    UART_Transmit_IT                         0x08006ba5   Thumb Code   112  stm32f4xx_hal_uart.o(i.UART_Transmit_IT)
    i.UART_WaitOnFlagUntilTimeout            0x08006c14   Section        0  stm32f4xx_hal_uart.o(i.UART_WaitOnFlagUntilTimeout)
    UART_WaitOnFlagUntilTimeout              0x08006c15   Thumb Code   250  stm32f4xx_hal_uart.o(i.UART_WaitOnFlagUntilTimeout)
    i.USART1_IRQHandler                      0x08006d10   Section        0  usart.o(i.USART1_IRQHandler)
    i.UsageFault_Handler                     0x08006db0   Section        0  stm32f4xx_it.o(i.UsageFault_Handler)
    i._is_digit                              0x08006db4   Section        0  __printf_wp.o(i._is_digit)
    i._sys_exit                              0x08006dc2   Section        0  usart.o(i._sys_exit)
    i.delay_init                             0x08006dc8   Section        0  delay.o(i.delay_init)
    i.delay_ms                               0x08006ddc   Section        0  delay.o(i.delay_ms)
    i.delay_us                               0x08006df4   Section        0  delay.o(i.delay_us)
    i.fputc                                  0x08006e3c   Section        0  usart.o(i.fputc)
    i.main                                   0x08006e58   Section        0  main.o(i.main)
    i.uart_init                              0x080075b4   Section        0  usart.o(i.uart_init)
    x$fpl$d2f                                0x080075e0   Section       98  d2f.o(x$fpl$d2f)
    $v0                                      0x080075e0   Number         0  d2f.o(x$fpl$d2f)
    x$fpl$dadd                               0x08007644   Section      336  daddsub_clz.o(x$fpl$dadd)
    $v0                                      0x08007644   Number         0  daddsub_clz.o(x$fpl$dadd)
    _dadd1                                   0x08007655   Thumb Code     0  daddsub_clz.o(x$fpl$dadd)
    x$fpl$dcmpinf                            0x08007794   Section       24  dcmpi.o(x$fpl$dcmpinf)
    $v0                                      0x08007794   Number         0  dcmpi.o(x$fpl$dcmpinf)
    x$fpl$ddiv                               0x080077ac   Section      688  ddiv.o(x$fpl$ddiv)
    $v0                                      0x080077ac   Number         0  ddiv.o(x$fpl$ddiv)
    ddiv_entry                               0x080077b3   Thumb Code     0  ddiv.o(x$fpl$ddiv)
    x$fpl$dfixu                              0x08007a5c   Section       90  dfixu.o(x$fpl$dfixu)
    $v0                                      0x08007a5c   Number         0  dfixu.o(x$fpl$dfixu)
    x$fpl$dfltu                              0x08007ab6   Section       38  dflt_clz.o(x$fpl$dfltu)
    $v0                                      0x08007ab6   Number         0  dflt_clz.o(x$fpl$dfltu)
    x$fpl$dleqf                              0x08007adc   Section      120  dleqf.o(x$fpl$dleqf)
    $v0                                      0x08007adc   Number         0  dleqf.o(x$fpl$dleqf)
    x$fpl$dmul                               0x08007b54   Section      340  dmul.o(x$fpl$dmul)
    $v0                                      0x08007b54   Number         0  dmul.o(x$fpl$dmul)
    x$fpl$dnaninf                            0x08007ca8   Section      156  dnaninf.o(x$fpl$dnaninf)
    $v0                                      0x08007ca8   Number         0  dnaninf.o(x$fpl$dnaninf)
    x$fpl$dretinf                            0x08007d44   Section       12  dretinf.o(x$fpl$dretinf)
    $v0                                      0x08007d44   Number         0  dretinf.o(x$fpl$dretinf)
    x$fpl$drleqf                             0x08007d50   Section      108  drleqf.o(x$fpl$drleqf)
    $v0                                      0x08007d50   Number         0  drleqf.o(x$fpl$drleqf)
    x$fpl$dsub                               0x08007dbc   Section      468  daddsub_clz.o(x$fpl$dsub)
    $v0                                      0x08007dbc   Number         0  daddsub_clz.o(x$fpl$dsub)
    _dsub1                                   0x08007dcd   Thumb Code     0  daddsub_clz.o(x$fpl$dsub)
    x$fpl$f2d                                0x08007f90   Section       86  f2d.o(x$fpl$f2d)
    $v0                                      0x08007f90   Number         0  f2d.o(x$fpl$f2d)
    x$fpl$fnaninf                            0x08007fe6   Section      140  fnaninf.o(x$fpl$fnaninf)
    $v0                                      0x08007fe6   Number         0  fnaninf.o(x$fpl$fnaninf)
    x$fpl$fpinit                             0x08008072   Section       10  fpinit.o(x$fpl$fpinit)
    $v0                                      0x08008072   Number         0  fpinit.o(x$fpl$fpinit)
    x$fpl$fretinf                            0x0800807c   Section       10  fretinf.o(x$fpl$fretinf)
    $v0                                      0x0800807c   Number         0  fretinf.o(x$fpl$fretinf)
    .constdata                               0x08008086   Section       16  stm32f4xx_hal_rcc.o(.constdata)
    x$fpl$usenofp                            0x08008086   Section        0  usenofp.o(x$fpl$usenofp)
    .constdata                               0x08008096   Section    18592  lcd.o(.constdata)
    .constdata                               0x0800c936   Section       40  _printf_hex_int.o(.constdata)
    uc_hextab                                0x0800c936   Data          20  _printf_hex_int.o(.constdata)
    lc_hextab                                0x0800c94a   Data          20  _printf_hex_int.o(.constdata)
    .constdata                               0x0800c95e   Section       17  __printf_flags_wp.o(.constdata)
    maptable                                 0x0800c95e   Data          17  __printf_flags_wp.o(.constdata)
    .conststring                             0x0800c970   Section       46  main.o(.conststring)
    .data                                    0x20000000   Section      113  main.o(.data)
    item                                     0x20000070   Data           1  main.o(.data)
    .data                                    0x20000074   Section       20  system_stm32f4xx.o(.data)
    .data                                    0x20000088   Section       92  mada.o(.data)
    time                                     0x200000e0   Data           4  mada.o(.data)
    .data                                    0x200000e4   Section        4  stm32f4xx_hal.o(.data)
    uwTick                                   0x200000e4   Data           4  stm32f4xx_hal.o(.data)
    .data                                    0x200000e8   Section        4  delay.o(.data)
    fac_us                                   0x200000e8   Data           4  delay.o(.data)
    .data                                    0x200000ec   Section        7  usart.o(.data)
    .data                                    0x200000f4   Section        8  lcd.o(.data)
    .data                                    0x200000fc   Section        4  key.o(.data)
    key_up                                   0x200000fc   Data           1  key.o(.data)
    flag_1S                                  0x200000fd   Data           1  key.o(.data)
    cnt                                      0x200000fe   Data           2  key.o(.data)
    .data                                    0x20000100   Section        8  pwm.o(.data)
    PWM_PR                                   0x20000100   Data           4  pwm.o(.data)
    PWM_duty                                 0x20000104   Data           4  pwm.o(.data)
    .bss                                     0x20000108   Section       76  main.o(.bss)
    .bss                                     0x20000154   Section       32  mada.o(.bss)
    TimeCnt                                  0x20000154   Data          16  mada.o(.bss)
    TimeCnt                                  0x20000164   Data          16  mada.o(.bss)
    .bss                                     0x20000174   Section      264  usart.o(.bss)
    .bss                                     0x2000027c   Section       94  lcd.o(.bss)
    .bss                                     0x200002dc   Section       60  timer.o(.bss)
    .bss                                     0x20000318   Section       88  pwm.o(.bss)
    .bss                                     0x20000370   Section       96  libspace.o(.bss)
    HEAP                                     0x200003d0   Section      512  startup_stm32f429xx.o(HEAP)
    Heap_Mem                                 0x200003d0   Data         512  startup_stm32f429xx.o(HEAP)
    STACK                                    0x200005d0   Section     1024  startup_stm32f429xx.o(STACK)
    Stack_Mem                                0x200005d0   Data        1024  startup_stm32f429xx.o(STACK)
    __initial_sp                             0x200009d0   Data           0  startup_stm32f429xx.o(STACK)

    Global Symbols

    Symbol Name                              Value     Ov Type        Size  Object(Section)

    BuildAttributes$$THM_ISAv4$E$P$D$K$B$S$7EM$VFPi3$EXTD16$VFPS$VFMA$PE$A:L22UL41UL21$X:L11$S22US41US21$IEEE1$IW$USESV6$~STKCKD$USESV7$~SHL$OSPACE$ROPI$EBA8$UX$STANDARDLIB$REQ8$PRES8$EABIv2 0x00000000   Number         0  anon$$obj.o ABSOLUTE
    __ARM_use_no_argv                        0x00000000   Number         0  main.o ABSOLUTE
    _printf_flags                            0x00000000   Number         0  printf_stubs.o ABSOLUTE
    _printf_return_value                     0x00000000   Number         0  printf_stubs.o ABSOLUTE
    _printf_sizespec                         0x00000000   Number         0  printf_stubs.o ABSOLUTE
    _printf_widthprec                        0x00000000   Number         0  printf_stubs.o ABSOLUTE
    __ARM_exceptions_init                     - Undefined Weak Reference
    __alloca_initialize                       - Undefined Weak Reference
    __arm_preinit_                            - Undefined Weak Reference
    __cpp_initialize__aeabi_                  - Undefined Weak Reference
    __cxa_finalize                            - Undefined Weak Reference
    __rt_locale                               - Undefined Weak Reference
    __sigvec_lookup                           - Undefined Weak Reference
    _atexit_init                              - Undefined Weak Reference
    _call_atexit_fns                          - Undefined Weak Reference
    _clock_init                               - Undefined Weak Reference
    _fp_trap_init                             - Undefined Weak Reference
    _fp_trap_shutdown                         - Undefined Weak Reference
    _get_lc_collate                           - Undefined Weak Reference
    _get_lc_ctype                             - Undefined Weak Reference
    _get_lc_monetary                          - Undefined Weak Reference
    _get_lc_numeric                           - Undefined Weak Reference
    _get_lc_time                              - Undefined Weak Reference
    _getenv_init                              - Undefined Weak Reference
    _handle_redirection                       - Undefined Weak Reference
    _init_alloc                               - Undefined Weak Reference
    _init_user_alloc                          - Undefined Weak Reference
    _initio                                   - Undefined Weak Reference
    _mutex_acquire                            - Undefined Weak Reference
    _mutex_release                            - Undefined Weak Reference
    _printf_truncate_unsigned                 - Undefined Weak Reference
    _rand_init                                - Undefined Weak Reference
    _signal_finish                            - Undefined Weak Reference
    _signal_init                              - Undefined Weak Reference
    _terminate_alloc                          - Undefined Weak Reference
    _terminate_user_alloc                     - Undefined Weak Reference
    _terminateio                              - Undefined Weak Reference
    __Vectors_Size                           0x000001ac   Number         0  startup_stm32f429xx.o ABSOLUTE
    __Vectors                                0x08000000   Data           4  startup_stm32f429xx.o(RESET)
    __Vectors_End                            0x080001ac   Data           0  startup_stm32f429xx.o(RESET)
    __main                                   0x080001ad   Thumb Code     8  __main.o(!!!main)
    __scatterload                            0x080001b5   Thumb Code     0  __scatter.o(!!!scatter)
    __scatterload_rt2                        0x080001b5   Thumb Code    44  __scatter.o(!!!scatter)
    __scatterload_rt2_thumb_only             0x080001b5   Thumb Code     0  __scatter.o(!!!scatter)
    __scatterload_null                       0x080001c3   Thumb Code     0  __scatter.o(!!!scatter)
    __scatterload_copy                       0x080001e9   Thumb Code    26  __scatter_copy.o(!!handler_copy)
    __scatterload_zeroinit                   0x08000205   Thumb Code    28  __scatter_zi.o(!!handler_zi)
    _printf_percent                          0x08000221   Thumb Code     0  _printf_percent.o(.ARM.Collect$$_printf_percent$$00000000)
    _printf_x                                0x08000221   Thumb Code     0  _printf_x.o(.ARM.Collect$$_printf_percent$$0000000C)
    _printf_percent_end                      0x08000227   Thumb Code     0  _printf_percent_end.o(.ARM.Collect$$_printf_percent$$00000017)
    __rt_lib_init                            0x0800022b   Thumb Code     0  libinit.o(.ARM.Collect$$libinit$$00000000)
    __rt_lib_init_fp_1                       0x0800022d   Thumb Code     0  libinit2.o(.ARM.Collect$$libinit$$00000001)
    __rt_lib_init_alloca_1                   0x08000231   Thumb Code     0  libinit2.o(.ARM.Collect$$libinit$$0000002E)
    __rt_lib_init_argv_1                     0x08000231   Thumb Code     0  libinit2.o(.ARM.Collect$$libinit$$0000002C)
    __rt_lib_init_atexit_1                   0x08000231   Thumb Code     0  libinit2.o(.ARM.Collect$$libinit$$0000001B)
    __rt_lib_init_clock_1                    0x08000231   Thumb Code     0  libinit2.o(.ARM.Collect$$libinit$$00000021)
    __rt_lib_init_cpp_1                      0x08000231   Thumb Code     0  libinit2.o(.ARM.Collect$$libinit$$00000032)
    __rt_lib_init_exceptions_1               0x08000231   Thumb Code     0  libinit2.o(.ARM.Collect$$libinit$$00000030)
    __rt_lib_init_fp_trap_1                  0x08000231   Thumb Code     0  libinit2.o(.ARM.Collect$$libinit$$0000001F)
    __rt_lib_init_getenv_1                   0x08000231   Thumb Code     0  libinit2.o(.ARM.Collect$$libinit$$00000023)
    __rt_lib_init_heap_1                     0x08000231   Thumb Code     0  libinit2.o(.ARM.Collect$$libinit$$0000000A)
    __rt_lib_init_lc_collate_1               0x08000231   Thumb Code     0  libinit2.o(.ARM.Collect$$libinit$$00000011)
    __rt_lib_init_lc_ctype_1                 0x08000231   Thumb Code     0  libinit2.o(.ARM.Collect$$libinit$$00000013)
    __rt_lib_init_lc_monetary_1              0x08000231   Thumb Code     0  libinit2.o(.ARM.Collect$$libinit$$00000015)
    __rt_lib_init_lc_numeric_1               0x08000231   Thumb Code     0  libinit2.o(.ARM.Collect$$libinit$$00000017)
    __rt_lib_init_lc_time_1                  0x08000231   Thumb Code     0  libinit2.o(.ARM.Collect$$libinit$$00000019)
    __rt_lib_init_preinit_1                  0x08000231   Thumb Code     0  libinit2.o(.ARM.Collect$$libinit$$00000004)
    __rt_lib_init_rand_1                     0x08000231   Thumb Code     0  libinit2.o(.ARM.Collect$$libinit$$0000000E)
    __rt_lib_init_return                     0x08000231   Thumb Code     0  libinit2.o(.ARM.Collect$$libinit$$00000033)
    __rt_lib_init_signal_1                   0x08000231   Thumb Code     0  libinit2.o(.ARM.Collect$$libinit$$0000001D)
    __rt_lib_init_stdio_1                    0x08000231   Thumb Code     0  libinit2.o(.ARM.Collect$$libinit$$00000025)
    __rt_lib_init_user_alloc_1               0x08000231   Thumb Code     0  libinit2.o(.ARM.Collect$$libinit$$0000000C)
    __rt_lib_shutdown                        0x08000233   Thumb Code     0  libshutdown.o(.ARM.Collect$$libshutdown$$00000000)
    __rt_lib_shutdown_cpp_1                  0x08000235   Thumb Code     0  libshutdown2.o(.ARM.Collect$$libshutdown$$00000002)
    __rt_lib_shutdown_fp_trap_1              0x08000235   Thumb Code     0  libshutdown2.o(.ARM.Collect$$libshutdown$$00000007)
    __rt_lib_shutdown_heap_1                 0x08000235   Thumb Code     0  libshutdown2.o(.ARM.Collect$$libshutdown$$0000000F)
    __rt_lib_shutdown_return                 0x08000235   Thumb Code     0  libshutdown2.o(.ARM.Collect$$libshutdown$$00000010)
    __rt_lib_shutdown_signal_1               0x08000235   Thumb Code     0  libshutdown2.o(.ARM.Collect$$libshutdown$$0000000A)
    __rt_lib_shutdown_stdio_1                0x08000235   Thumb Code     0  libshutdown2.o(.ARM.Collect$$libshutdown$$00000004)
    __rt_lib_shutdown_user_alloc_1           0x08000235   Thumb Code     0  libshutdown2.o(.ARM.Collect$$libshutdown$$0000000C)
    __rt_entry                               0x08000237   Thumb Code     0  __rtentry.o(.ARM.Collect$$rtentry$$00000000)
    __rt_entry_presh_1                       0x08000237   Thumb Code     0  __rtentry2.o(.ARM.Collect$$rtentry$$00000002)
    __rt_entry_sh                            0x08000237   Thumb Code     0  __rtentry4.o(.ARM.Collect$$rtentry$$00000004)
    __rt_entry_li                            0x0800023d   Thumb Code     0  __rtentry2.o(.ARM.Collect$$rtentry$$0000000A)
    __rt_entry_postsh_1                      0x0800023d   Thumb Code     0  __rtentry2.o(.ARM.Collect$$rtentry$$00000009)
    __rt_entry_main                          0x08000241   Thumb Code     0  __rtentry2.o(.ARM.Collect$$rtentry$$0000000D)
    __rt_entry_postli_1                      0x08000241   Thumb Code     0  __rtentry2.o(.ARM.Collect$$rtentry$$0000000C)
    __rt_exit                                0x08000249   Thumb Code     0  rtexit.o(.ARM.Collect$$rtexit$$00000000)
    __rt_exit_ls                             0x0800024b   Thumb Code     0  rtexit2.o(.ARM.Collect$$rtexit$$00000003)
    __rt_exit_prels_1                        0x0800024b   Thumb Code     0  rtexit2.o(.ARM.Collect$$rtexit$$00000002)
    __rt_exit_exit                           0x0800024f   Thumb Code     0  rtexit2.o(.ARM.Collect$$rtexit$$00000004)
    Reset_Handler                            0x08000255   Thumb Code     8  startup_stm32f429xx.o(.text)
    ADC_IRQHandler                           0x0800026f   Thumb Code     0  startup_stm32f429xx.o(.text)
    CAN1_RX0_IRQHandler                      0x0800026f   Thumb Code     0  startup_stm32f429xx.o(.text)
    CAN1_RX1_IRQHandler                      0x0800026f   Thumb Code     0  startup_stm32f429xx.o(.text)
    CAN1_SCE_IRQHandler                      0x0800026f   Thumb Code     0  startup_stm32f429xx.o(.text)
    CAN1_TX_IRQHandler                       0x0800026f   Thumb Code     0  startup_stm32f429xx.o(.text)
    CAN2_RX0_IRQHandler                      0x0800026f   Thumb Code     0  startup_stm32f429xx.o(.text)
    CAN2_RX1_IRQHandler                      0x0800026f   Thumb Code     0  startup_stm32f429xx.o(.text)
    CAN2_SCE_IRQHandler                      0x0800026f   Thumb Code     0  startup_stm32f429xx.o(.text)
    CAN2_TX_IRQHandler                       0x0800026f   Thumb Code     0  startup_stm32f429xx.o(.text)
    DCMI_IRQHandler                          0x0800026f   Thumb Code     0  startup_stm32f429xx.o(.text)
    DMA1_Stream0_IRQHandler                  0x0800026f   Thumb Code     0  startup_stm32f429xx.o(.text)
    DMA1_Stream1_IRQHandler                  0x0800026f   Thumb Code     0  startup_stm32f429xx.o(.text)
    DMA1_Stream2_IRQHandler                  0x0800026f   Thumb Code     0  startup_stm32f429xx.o(.text)
    DMA1_Stream3_IRQHandler                  0x0800026f   Thumb Code     0  startup_stm32f429xx.o(.text)
    DMA1_Stream4_IRQHandler                  0x0800026f   Thumb Code     0  startup_stm32f429xx.o(.text)
    DMA1_Stream5_IRQHandler                  0x0800026f   Thumb Code     0  startup_stm32f429xx.o(.text)
    DMA1_Stream6_IRQHandler                  0x0800026f   Thumb Code     0  startup_stm32f429xx.o(.text)
    DMA1_Stream7_IRQHandler                  0x0800026f   Thumb Code     0  startup_stm32f429xx.o(.text)
    DMA2D_IRQHandler                         0x0800026f   Thumb Code     0  startup_stm32f429xx.o(.text)
    DMA2_Stream0_IRQHandler                  0x0800026f   Thumb Code     0  startup_stm32f429xx.o(.text)
    DMA2_Stream1_IRQHandler                  0x0800026f   Thumb Code     0  startup_stm32f429xx.o(.text)
    DMA2_Stream2_IRQHandler                  0x0800026f   Thumb Code     0  startup_stm32f429xx.o(.text)
    DMA2_Stream3_IRQHandler                  0x0800026f   Thumb Code     0  startup_stm32f429xx.o(.text)
    DMA2_Stream4_IRQHandler                  0x0800026f   Thumb Code     0  startup_stm32f429xx.o(.text)
    DMA2_Stream5_IRQHandler                  0x0800026f   Thumb Code     0  startup_stm32f429xx.o(.text)
    DMA2_Stream6_IRQHandler                  0x0800026f   Thumb Code     0  startup_stm32f429xx.o(.text)
    DMA2_Stream7_IRQHandler                  0x0800026f   Thumb Code     0  startup_stm32f429xx.o(.text)
    ETH_IRQHandler                           0x0800026f   Thumb Code     0  startup_stm32f429xx.o(.text)
    ETH_WKUP_IRQHandler                      0x0800026f   Thumb Code     0  startup_stm32f429xx.o(.text)
    EXTI0_IRQHandler                         0x0800026f   Thumb Code     0  startup_stm32f429xx.o(.text)
    EXTI15_10_IRQHandler                     0x0800026f   Thumb Code     0  startup_stm32f429xx.o(.text)
    EXTI1_IRQHandler                         0x0800026f   Thumb Code     0  startup_stm32f429xx.o(.text)
    EXTI2_IRQHandler                         0x0800026f   Thumb Code     0  startup_stm32f429xx.o(.text)
    EXTI3_IRQHandler                         0x0800026f   Thumb Code     0  startup_stm32f429xx.o(.text)
    EXTI4_IRQHandler                         0x0800026f   Thumb Code     0  startup_stm32f429xx.o(.text)
    EXTI9_5_IRQHandler                       0x0800026f   Thumb Code     0  startup_stm32f429xx.o(.text)
    FLASH_IRQHandler                         0x0800026f   Thumb Code     0  startup_stm32f429xx.o(.text)
    FMC_IRQHandler                           0x0800026f   Thumb Code     0  startup_stm32f429xx.o(.text)
    FPU_IRQHandler                           0x0800026f   Thumb Code     0  startup_stm32f429xx.o(.text)
    HASH_RNG_IRQHandler                      0x0800026f   Thumb Code     0  startup_stm32f429xx.o(.text)
    I2C1_ER_IRQHandler                       0x0800026f   Thumb Code     0  startup_stm32f429xx.o(.text)
    I2C1_EV_IRQHandler                       0x0800026f   Thumb Code     0  startup_stm32f429xx.o(.text)
    I2C2_ER_IRQHandler                       0x0800026f   Thumb Code     0  startup_stm32f429xx.o(.text)
    I2C2_EV_IRQHandler                       0x0800026f   Thumb Code     0  startup_stm32f429xx.o(.text)
    I2C3_ER_IRQHandler                       0x0800026f   Thumb Code     0  startup_stm32f429xx.o(.text)
    I2C3_EV_IRQHandler                       0x0800026f   Thumb Code     0  startup_stm32f429xx.o(.text)
    LTDC_ER_IRQHandler                       0x0800026f   Thumb Code     0  startup_stm32f429xx.o(.text)
    LTDC_IRQHandler                          0x0800026f   Thumb Code     0  startup_stm32f429xx.o(.text)
    OTG_FS_IRQHandler                        0x0800026f   Thumb Code     0  startup_stm32f429xx.o(.text)
    OTG_FS_WKUP_IRQHandler                   0x0800026f   Thumb Code     0  startup_stm32f429xx.o(.text)
    OTG_HS_EP1_IN_IRQHandler                 0x0800026f   Thumb Code     0  startup_stm32f429xx.o(.text)
    OTG_HS_EP1_OUT_IRQHandler                0x0800026f   Thumb Code     0  startup_stm32f429xx.o(.text)
    OTG_HS_IRQHandler                        0x0800026f   Thumb Code     0  startup_stm32f429xx.o(.text)
    OTG_HS_WKUP_IRQHandler                   0x0800026f   Thumb Code     0  startup_stm32f429xx.o(.text)
    PVD_IRQHandler                           0x0800026f   Thumb Code     0  startup_stm32f429xx.o(.text)
    RCC_IRQHandler                           0x0800026f   Thumb Code     0  startup_stm32f429xx.o(.text)
    RTC_Alarm_IRQHandler                     0x0800026f   Thumb Code     0  startup_stm32f429xx.o(.text)
    RTC_WKUP_IRQHandler                      0x0800026f   Thumb Code     0  startup_stm32f429xx.o(.text)
    SAI1_IRQHandler                          0x0800026f   Thumb Code     0  startup_stm32f429xx.o(.text)
    SDIO_IRQHandler                          0x0800026f   Thumb Code     0  startup_stm32f429xx.o(.text)
    SPI1_IRQHandler                          0x0800026f   Thumb Code     0  startup_stm32f429xx.o(.text)
    SPI2_IRQHandler                          0x0800026f   Thumb Code     0  startup_stm32f429xx.o(.text)
    SPI3_IRQHandler                          0x0800026f   Thumb Code     0  startup_stm32f429xx.o(.text)
    SPI4_IRQHandler                          0x0800026f   Thumb Code     0  startup_stm32f429xx.o(.text)
    SPI5_IRQHandler                          0x0800026f   Thumb Code     0  startup_stm32f429xx.o(.text)
    SPI6_IRQHandler                          0x0800026f   Thumb Code     0  startup_stm32f429xx.o(.text)
    TAMP_STAMP_IRQHandler                    0x0800026f   Thumb Code     0  startup_stm32f429xx.o(.text)
    TIM1_BRK_TIM9_IRQHandler                 0x0800026f   Thumb Code     0  startup_stm32f429xx.o(.text)
    TIM1_CC_IRQHandler                       0x0800026f   Thumb Code     0  startup_stm32f429xx.o(.text)
    TIM1_TRG_COM_TIM11_IRQHandler            0x0800026f   Thumb Code     0  startup_stm32f429xx.o(.text)
    TIM1_UP_TIM10_IRQHandler                 0x0800026f   Thumb Code     0  startup_stm32f429xx.o(.text)
    TIM2_IRQHandler                          0x0800026f   Thumb Code     0  startup_stm32f429xx.o(.text)
    TIM3_IRQHandler                          0x0800026f   Thumb Code     0  startup_stm32f429xx.o(.text)
    TIM5_IRQHandler                          0x0800026f   Thumb Code     0  startup_stm32f429xx.o(.text)
    TIM6_DAC_IRQHandler                      0x0800026f   Thumb Code     0  startup_stm32f429xx.o(.text)
    TIM7_IRQHandler                          0x0800026f   Thumb Code     0  startup_stm32f429xx.o(.text)
    TIM8_BRK_TIM12_IRQHandler                0x0800026f   Thumb Code     0  startup_stm32f429xx.o(.text)
    TIM8_CC_IRQHandler                       0x0800026f   Thumb Code     0  startup_stm32f429xx.o(.text)
    TIM8_TRG_COM_TIM14_IRQHandler            0x0800026f   Thumb Code     0  startup_stm32f429xx.o(.text)
    TIM8_UP_TIM13_IRQHandler                 0x0800026f   Thumb Code     0  startup_stm32f429xx.o(.text)
    UART4_IRQHandler                         0x0800026f   Thumb Code     0  startup_stm32f429xx.o(.text)
    UART5_IRQHandler                         0x0800026f   Thumb Code     0  startup_stm32f429xx.o(.text)
    UART7_IRQHandler                         0x0800026f   Thumb Code     0  startup_stm32f429xx.o(.text)
    UART8_IRQHandler                         0x0800026f   Thumb Code     0  startup_stm32f429xx.o(.text)
    USART2_IRQHandler                        0x0800026f   Thumb Code     0  startup_stm32f429xx.o(.text)
    USART3_IRQHandler                        0x0800026f   Thumb Code     0  startup_stm32f429xx.o(.text)
    USART6_IRQHandler                        0x0800026f   Thumb Code     0  startup_stm32f429xx.o(.text)
    WWDG_IRQHandler                          0x0800026f   Thumb Code     0  startup_stm32f429xx.o(.text)
    __user_initial_stackheap                 0x08000271   Thumb Code     0  startup_stm32f429xx.o(.text)
    __use_no_semihosting                     0x08000295   Thumb Code     2  use_no_semi_2.o(.text)
    __2printf                                0x08000299   Thumb Code    20  noretval__2printf.o(.text)
    __2sprintf                               0x080002b1   Thumb Code    34  noretval__2sprintf.o(.text)
    _printf_pre_padding                      0x080002d9   Thumb Code    44  _printf_pad.o(.text)
    _printf_post_padding                     0x08000305   Thumb Code    34  _printf_pad.o(.text)
    _printf_int_hex                          0x08000329   Thumb Code    84  _printf_hex_int.o(.text)
    _printf_longlong_hex                     0x08000329   Thumb Code     0  _printf_hex_int.o(.text)
    __printf                                 0x08000381   Thumb Code   308  __printf_flags_wp.o(.text)
    __use_two_region_memory                  0x080004b9   Thumb Code     2  heapauxi.o(.text)
    __rt_heap_escrow$2region                 0x080004bb   Thumb Code     2  heapauxi.o(.text)
    __rt_heap_expand$2region                 0x080004bd   Thumb Code     2  heapauxi.o(.text)
    __I$use$semihosting                      0x080004bf   Thumb Code     0  use_no_semi.o(.text)
    __use_no_semihosting_swi                 0x080004bf   Thumb Code     2  use_no_semi.o(.text)
    _printf_int_common                       0x080004c1   Thumb Code   178  _printf_intcommon.o(.text)
    _printf_char_common                      0x0800057f   Thumb Code    32  _printf_char_common.o(.text)
    _sputc                                   0x080005a5   Thumb Code    10  _sputc.o(.text)
    _printf_char_file                        0x080005b1   Thumb Code    32  _printf_char_file.o(.text)
    ferror                                   0x080005d5   Thumb Code     8  ferror.o(.text)
    __user_setup_stackheap                   0x080005dd   Thumb Code    74  sys_stackheap_outer.o(.text)
    exit                                     0x08000627   Thumb Code    18  exit.o(.text)
    __user_libspace                          0x08000639   Thumb Code     8  libspace.o(.text)
    __user_perproc_libspace                  0x08000639   Thumb Code     0  libspace.o(.text)
    __user_perthread_libspace                0x08000639   Thumb Code     0  libspace.o(.text)
    BusFault_Handler                         0x08000641   Thumb Code     4  stm32f4xx_it.o(i.BusFault_Handler)
    CAL_CountDown                            0x08000645   Thumb Code   774  main.o(i.CAL_CountDown)
    DebugMon_Handler                         0x08000951   Thumb Code     2  stm32f4xx_it.o(i.DebugMon_Handler)
    FMC_NORSRAM_Extended_Timing_Init         0x08000955   Thumb Code    66  stm32f4xx_ll_fmc.o(i.FMC_NORSRAM_Extended_Timing_Init)
    FMC_NORSRAM_Init                         0x0800099d   Thumb Code   122  stm32f4xx_ll_fmc.o(i.FMC_NORSRAM_Init)
    FMC_NORSRAM_Timing_Init                  0x08000a1d   Thumb Code    94  stm32f4xx_ll_fmc.o(i.FMC_NORSRAM_Timing_Init)
    HAL_GPIO_Init                            0x08000a7d   Thumb Code   486  stm32f4xx_hal_gpio.o(i.HAL_GPIO_Init)
    HAL_GPIO_ReadPin                         0x08000c99   Thumb Code    16  stm32f4xx_hal_gpio.o(i.HAL_GPIO_ReadPin)
    HAL_GPIO_WritePin                        0x08000ca9   Thumb Code    12  stm32f4xx_hal_gpio.o(i.HAL_GPIO_WritePin)
    HAL_GetTick                              0x08000cb5   Thumb Code     6  stm32f4xx_hal.o(i.HAL_GetTick)
    HAL_IncTick                              0x08000cc1   Thumb Code    12  stm32f4xx_hal.o(i.HAL_IncTick)
    HAL_Init                                 0x08000cd1   Thumb Code    54  stm32f4xx_hal.o(i.HAL_Init)
    HAL_InitTick                             0x08000d0d   Thumb Code    36  stm32f4xx_hal.o(i.HAL_InitTick)
    HAL_MspInit                              0x08000d31   Thumb Code    10  stm32f4xx_hal.o(i.HAL_MspInit)
    HAL_NVIC_EnableIRQ                       0x08000d3b   Thumb Code    26  stm32f4xx_hal_cortex.o(i.HAL_NVIC_EnableIRQ)
    HAL_NVIC_SetPriority                     0x08000d55   Thumb Code   124  stm32f4xx_hal_cortex.o(i.HAL_NVIC_SetPriority)
    HAL_NVIC_SetPriorityGrouping             0x08000dd1   Thumb Code    32  stm32f4xx_hal_cortex.o(i.HAL_NVIC_SetPriorityGrouping)
    HAL_PWREx_EnableOverDrive                0x08000df9   Thumb Code   152  stm32f4xx_hal_pwr_ex.o(i.HAL_PWREx_EnableOverDrive)
    HAL_RCC_ClockConfig                      0x08000e9d   Thumb Code   680  stm32f4xx_hal_rcc.o(i.HAL_RCC_ClockConfig)
    HAL_RCC_GetHCLKFreq                      0x0800114d   Thumb Code    42  stm32f4xx_hal_rcc.o(i.HAL_RCC_GetHCLKFreq)
    HAL_RCC_GetPCLK1Freq                     0x08001185   Thumb Code    36  stm32f4xx_hal_rcc.o(i.HAL_RCC_GetPCLK1Freq)
    HAL_RCC_GetPCLK2Freq                     0x080011b1   Thumb Code    36  stm32f4xx_hal_rcc.o(i.HAL_RCC_GetPCLK2Freq)
    HAL_RCC_GetSysClockFreq                  0x080011dd   Thumb Code   168  stm32f4xx_hal_rcc.o(i.HAL_RCC_GetSysClockFreq)
    HAL_RCC_OscConfig                        0x08001291   Thumb Code  1032  stm32f4xx_hal_rcc.o(i.HAL_RCC_OscConfig)
    HAL_SRAM_Init                            0x08001699   Thumb Code    88  stm32f4xx_hal_sram.o(i.HAL_SRAM_Init)
    HAL_SRAM_MspInit                         0x080016f1   Thumb Code   152  lcd.o(i.HAL_SRAM_MspInit)
    HAL_SYSTICK_CLKSourceConfig              0x08001795   Thumb Code    40  stm32f4xx_hal_cortex.o(i.HAL_SYSTICK_CLKSourceConfig)
    HAL_SYSTICK_Config                       0x080017bd   Thumb Code    52  stm32f4xx_hal_cortex.o(i.HAL_SYSTICK_Config)
    HAL_TIMEx_BreakCallback                  0x080017f1   Thumb Code     2  stm32f4xx_hal_tim_ex.o(i.HAL_TIMEx_BreakCallback)
    HAL_TIMEx_CommutationCallback            0x080017f3   Thumb Code     2  stm32f4xx_hal_tim_ex.o(i.HAL_TIMEx_CommutationCallback)
    HAL_TIM_Base_Init                        0x080017f5   Thumb Code    52  stm32f4xx_hal_tim.o(i.HAL_TIM_Base_Init)
    HAL_TIM_Base_MspInit                     0x08001829   Thumb Code    62  timer.o(i.HAL_TIM_Base_MspInit)
    HAL_TIM_Base_Start_IT                    0x08001871   Thumb Code    30  stm32f4xx_hal_tim.o(i.HAL_TIM_Base_Start_IT)
    HAL_TIM_IC_CaptureCallback               0x0800188f   Thumb Code     2  stm32f4xx_hal_tim.o(i.HAL_TIM_IC_CaptureCallback)
    HAL_TIM_IRQHandler                       0x08001891   Thumb Code   406  stm32f4xx_hal_tim.o(i.HAL_TIM_IRQHandler)
    HAL_TIM_OC_DelayElapsedCallback          0x08001a27   Thumb Code     2  stm32f4xx_hal_tim.o(i.HAL_TIM_OC_DelayElapsedCallback)
    HAL_TIM_PWM_ConfigChannel                0x08001a29   Thumb Code   264  stm32f4xx_hal_tim.o(i.HAL_TIM_PWM_ConfigChannel)
    HAL_TIM_PWM_Init                         0x08001b31   Thumb Code    52  stm32f4xx_hal_tim.o(i.HAL_TIM_PWM_Init)
    HAL_TIM_PWM_MspInit                      0x08001b65   Thumb Code   104  pwm.o(i.HAL_TIM_PWM_MspInit)
    HAL_TIM_PWM_PulseFinishedCallback        0x08001bd5   Thumb Code     2  stm32f4xx_hal_tim.o(i.HAL_TIM_PWM_PulseFinishedCallback)
    HAL_TIM_PWM_Start                        0x08001bd9   Thumb Code    68  stm32f4xx_hal_tim.o(i.HAL_TIM_PWM_Start)
    HAL_TIM_PeriodElapsedCallback            0x08001c25   Thumb Code    36  timer.o(i.HAL_TIM_PeriodElapsedCallback)
    HAL_TIM_TriggerCallback                  0x08001c55   Thumb Code     2  stm32f4xx_hal_tim.o(i.HAL_TIM_TriggerCallback)
    HAL_UART_ErrorCallback                   0x08001c57   Thumb Code     2  stm32f4xx_hal_uart.o(i.HAL_UART_ErrorCallback)
    HAL_UART_IRQHandler                      0x08001c59   Thumb Code   304  stm32f4xx_hal_uart.o(i.HAL_UART_IRQHandler)
    HAL_UART_Init                            0x08001d89   Thumb Code   110  stm32f4xx_hal_uart.o(i.HAL_UART_Init)
    HAL_UART_MspInit                         0x08001df9   Thumb Code   168  usart.o(i.HAL_UART_MspInit)
    HAL_UART_Receive                         0x08001ead   Thumb Code   248  stm32f4xx_hal_uart.o(i.HAL_UART_Receive)
    HAL_UART_RxCpltCallback                  0x08001fa5   Thumb Code     2  stm32f4xx_hal_uart.o(i.HAL_UART_RxCpltCallback)
    HAL_UART_TxCpltCallback                  0x08001fa7   Thumb Code     2  stm32f4xx_hal_uart.o(i.HAL_UART_TxCpltCallback)
    HardFault_Handler                        0x08001fa9   Thumb Code     4  stm32f4xx_it.o(i.HardFault_Handler)
    Item_Refresh                             0x08001fad   Thumb Code  1122  main.o(i.Item_Refresh)
    KEY_Init                                 0x08002411   Thumb Code   162  key.o(i.KEY_Init)
    KEY_Scan                                 0x080024c5   Thumb Code   304  key.o(i.KEY_Scan)
    Key_Aciton                               0x0800260d   Thumb Code  1902  main.o(i.Key_Aciton)
    LCD_Clear                                0x08002d8d   Thumb Code    42  lcd.o(i.LCD_Clear)
    LCD_Display_Dir                          0x08002dc1   Thumb Code   346  lcd.o(i.LCD_Display_Dir)
    LCD_DrawLine                             0x08002f21   Thumb Code   176  lcd.o(i.LCD_DrawLine)
    LCD_DrawPoint                            0x08002fd1   Thumb Code    28  lcd.o(i.LCD_DrawPoint)
    LCD_Draw_Circle                          0x08002ff5   Thumb Code   152  lcd.o(i.LCD_Draw_Circle)
    LCD_Fast_DrawPoint                       0x0800308d   Thumb Code   256  lcd.o(i.LCD_Fast_DrawPoint)
    LCD_Fill                                 0x08003195   Thumb Code    80  lcd.o(i.LCD_Fill)
    LCD_Init                                 0x080031e9   Thumb Code  9320  lcd.o(i.LCD_Init)
    LCD_Pow                                  0x0800565d   Thumb Code    22  lcd.o(i.LCD_Pow)
    LCD_RD_DATA                              0x08005675   Thumb Code    14  lcd.o(i.LCD_RD_DATA)
    LCD_SSD_BackLightSet                     0x08005689   Thumb Code    88  lcd.o(i.LCD_SSD_BackLightSet)
    LCD_Scan_Dir                             0x080056e9   Thumb Code   624  lcd.o(i.LCD_Scan_Dir)
    LCD_SetCursor                            0x0800595d   Thumb Code   306  lcd.o(i.LCD_SetCursor)
    LCD_ShowChar                             0x08005a95   Thumb Code   362  lcd.o(i.LCD_ShowChar)
    LCD_ShowNum                              0x08005c21   Thumb Code   148  lcd.o(i.LCD_ShowNum)
    LCD_ShowString                           0x08005cb5   Thumb Code   142  lcd.o(i.LCD_ShowString)
    LCD_WR_DATA                              0x08005d45   Thumb Code    18  lcd.o(i.LCD_WR_DATA)
    LCD_WR_REG                               0x08005d5d   Thumb Code    18  lcd.o(i.LCD_WR_REG)
    LCD_WriteRAM_Prepare                     0x08005d75   Thumb Code    10  lcd.o(i.LCD_WriteRAM_Prepare)
    LCD_WriteReg                             0x08005d89   Thumb Code    10  lcd.o(i.LCD_WriteReg)
    LED_Init                                 0x08005d99   Thumb Code    82  led.o(i.LED_Init)
    Mada_execute                             0x08005df5   Thumb Code   806  mada.o(i.Mada_execute)
    Mada_out                                 0x08006129   Thumb Code   266  mada.o(i.Mada_out)
    MemManage_Handler                        0x0800624d   Thumb Code     4  stm32f4xx_it.o(i.MemManage_Handler)
    NMI_Handler                              0x08006251   Thumb Code     2  stm32f4xx_it.o(i.NMI_Handler)
    PendSV_Handler                           0x0800628d   Thumb Code     2  stm32f4xx_it.o(i.PendSV_Handler)
    SVC_Handler                              0x0800628f   Thumb Code     2  stm32f4xx_it.o(i.SVC_Handler)
    SetAngle                                 0x08006291   Thumb Code   108  pwm.o(i.SetAngle)
    SetBoostPWM_Duty                         0x08006319   Thumb Code   116  pwm.o(i.SetBoostPWM_Duty)
    SetBoostPWM_Freq                         0x080063a1   Thumb Code   106  pwm.o(i.SetBoostPWM_Freq)
    Stm32_Clock_Init                         0x08006429   Thumb Code   176  sys.o(i.Stm32_Clock_Init)
    SysTick_Handler                          0x080064e1   Thumb Code     8  stm32f4xx_it.o(i.SysTick_Handler)
    SystemInit                               0x080064e9   Thumb Code    82  system_stm32f4xx.o(i.SystemInit)
    TIM3_PWM_Init                            0x0800654d   Thumb Code    64  pwm.o(i.TIM3_PWM_Init)
    TIM4_IRQHandler                          0x08006599   Thumb Code    10  timer.o(i.TIM4_IRQHandler)
    TIM4_Init                                0x080065a9   Thumb Code    36  timer.o(i.TIM4_Init)
    TIM_Base_SetConfig                       0x080065d5   Thumb Code   184  stm32f4xx_hal_tim.o(i.TIM_Base_SetConfig)
    TIM_CCxChannelCmd                        0x080066b9   Thumb Code    28  stm32f4xx_hal_tim.o(i.TIM_CCxChannelCmd)
    TIM_OC2_SetConfig                        0x08006745   Thumb Code   112  stm32f4xx_hal_tim.o(i.TIM_OC2_SetConfig)
    USART1_IRQHandler                        0x08006d11   Thumb Code   146  usart.o(i.USART1_IRQHandler)
    UsageFault_Handler                       0x08006db1   Thumb Code     4  stm32f4xx_it.o(i.UsageFault_Handler)
    _is_digit                                0x08006db5   Thumb Code    14  __printf_wp.o(i._is_digit)
    _sys_exit                                0x08006dc3   Thumb Code     4  usart.o(i._sys_exit)
    delay_init                               0x08006dc9   Thumb Code    16  delay.o(i.delay_init)
    delay_ms                                 0x08006ddd   Thumb Code    24  delay.o(i.delay_ms)
    delay_us                                 0x08006df5   Thumb Code    68  delay.o(i.delay_us)
    fputc                                    0x08006e3d   Thumb Code    22  usart.o(i.fputc)
    main                                     0x08006e59   Thumb Code  1834  main.o(i.main)
    uart_init                                0x080075b5   Thumb Code    34  usart.o(i.uart_init)
    __aeabi_d2f                              0x080075e1   Thumb Code     0  d2f.o(x$fpl$d2f)
    _d2f                                     0x080075e1   Thumb Code    98  d2f.o(x$fpl$d2f)
    __aeabi_dadd                             0x08007645   Thumb Code     0  daddsub_clz.o(x$fpl$dadd)
    _dadd                                    0x08007645   Thumb Code   332  daddsub_clz.o(x$fpl$dadd)
    __fpl_dcmp_Inf                           0x08007795   Thumb Code    24  dcmpi.o(x$fpl$dcmpinf)
    __aeabi_ddiv                             0x080077ad   Thumb Code     0  ddiv.o(x$fpl$ddiv)
    _ddiv                                    0x080077ad   Thumb Code   552  ddiv.o(x$fpl$ddiv)
    __aeabi_d2uiz                            0x08007a5d   Thumb Code     0  dfixu.o(x$fpl$dfixu)
    _dfixu                                   0x08007a5d   Thumb Code    90  dfixu.o(x$fpl$dfixu)
    __aeabi_ui2d                             0x08007ab7   Thumb Code     0  dflt_clz.o(x$fpl$dfltu)
    _dfltu                                   0x08007ab7   Thumb Code    38  dflt_clz.o(x$fpl$dfltu)
    __aeabi_cdcmple                          0x08007add   Thumb Code     0  dleqf.o(x$fpl$dleqf)
    _dcmple                                  0x08007add   Thumb Code   120  dleqf.o(x$fpl$dleqf)
    __fpl_dcmple_InfNaN                      0x08007b3f   Thumb Code     0  dleqf.o(x$fpl$dleqf)
    __aeabi_dmul                             0x08007b55   Thumb Code     0  dmul.o(x$fpl$dmul)
    _dmul                                    0x08007b55   Thumb Code   332  dmul.o(x$fpl$dmul)
    __fpl_dnaninf                            0x08007ca9   Thumb Code   156  dnaninf.o(x$fpl$dnaninf)
    __fpl_dretinf                            0x08007d45   Thumb Code    12  dretinf.o(x$fpl$dretinf)
    __aeabi_cdrcmple                         0x08007d51   Thumb Code     0  drleqf.o(x$fpl$drleqf)
    _drcmple                                 0x08007d51   Thumb Code   108  drleqf.o(x$fpl$drleqf)
    __aeabi_dsub                             0x08007dbd   Thumb Code     0  daddsub_clz.o(x$fpl$dsub)
    _dsub                                    0x08007dbd   Thumb Code   464  daddsub_clz.o(x$fpl$dsub)
    __aeabi_f2d                              0x08007f91   Thumb Code     0  f2d.o(x$fpl$f2d)
    _f2d                                     0x08007f91   Thumb Code    86  f2d.o(x$fpl$f2d)
    __fpl_fnaninf                            0x08007fe7   Thumb Code   140  fnaninf.o(x$fpl$fnaninf)
    _fp_init                                 0x08008073   Thumb Code    10  fpinit.o(x$fpl$fpinit)
    __fplib_config_fpu_vfp                   0x0800807b   Thumb Code     0  fpinit.o(x$fpl$fpinit)
    __fplib_config_pureend_doubles           0x0800807b   Thumb Code     0  fpinit.o(x$fpl$fpinit)
    __fpl_fretinf                            0x0800807d   Thumb Code    10  fretinf.o(x$fpl$fretinf)
    APBAHBPrescTable                         0x08008086   Data          16  stm32f4xx_hal_rcc.o(.constdata)
    __I$use$fp                               0x08008086   Number         0  usenofp.o(x$fpl$usenofp)
    hz_1616                                  0x08008096   Data         352  lcd.o(.constdata)
    asc2_1206                                0x080081f6   Data        1140  lcd.o(.constdata)
    asc2_1608                                0x0800866a   Data        1520  lcd.o(.constdata)
    asc2_2412                                0x08008c5a   Data        3420  lcd.o(.constdata)
    asc2_3216                                0x080099b6   Data       12160  lcd.o(.constdata)
    Region$$Table$$Base                      0x0800c9a0   Number         0  anon$$obj.o(Region$$Table)
    Region$$Table$$Limit                     0x0800c9c0   Number         0  anon$$obj.o(Region$$Table)
    Main_item                                0x20000000   Data          96  main.o(.data)
    current_FREQ                             0x20000060   Data           4  main.o(.data)
    current_DUTY                             0x20000064   Data           4  main.o(.data)
    DutyMin                                  0x20000068   Data           4  main.o(.data)
    DutyMax                                  0x2000006c   Data           4  main.o(.data)
    SystemCoreClock                          0x20000074   Data           4  system_stm32f4xx.o(.data)
    AHBPrescTable                            0x20000078   Data          16  system_stm32f4xx.o(.data)
    P1_1                                     0x20000088   Data           1  mada.o(.data)
    P1_2                                     0x20000089   Data           1  mada.o(.data)
    P1_5                                     0x2000008a   Data           1  mada.o(.data)
    P0_5                                     0x2000008b   Data           1  mada.o(.data)
    mode                                     0x2000008c   Data           1  mada.o(.data)
    Mada_nums                                0x2000008d   Data           1  mada.o(.data)
    Mada_param                               0x20000090   Data          48  mada.o(.data)
    Mada_port                                0x200000c0   Data          32  mada.o(.data)
    __stdout                                 0x200000ec   Data           4  usart.o(.data)
    USART_RX_STA                             0x200000f0   Data           2  usart.o(.data)
    aRxBuffer                                0x200000f2   Data           1  usart.o(.data)
    POINT_COLOR                              0x200000f4   Data           4  lcd.o(.data)
    BACK_COLOR                               0x200000f8   Data           4  lcd.o(.data)
    param_show                               0x20000108   Data          28  main.o(.bss)
    param                                    0x20000124   Data          48  main.o(.bss)
    USART_RX_BUF                             0x20000174   Data         200  usart.o(.bss)
    UART1_Handler                            0x2000023c   Data          64  usart.o(.bss)
    SRAM_Handler                             0x2000027c   Data          80  lcd.o(.bss)
    lcddev                                   0x200002cc   Data          14  lcd.o(.bss)
    TIM4_Handler                             0x200002dc   Data          60  timer.o(.bss)
    TIM3_Handler                             0x20000318   Data          60  pwm.o(.bss)
    TIM3_CH4Handler                          0x20000354   Data          28  pwm.o(.bss)
    __libspace_start                         0x20000370   Data          96  libspace.o(.bss)
    __temporary_stack_top$libspace           0x200003d0   Data           0  libspace.o(.bss)



==============================================================================

Memory Map of the image

  Image Entry point : 0x080001ad

  Load Region LR_IROM1 (Base: 0x08000000, Size: 0x0000cac8, Max: 0x00100000, ABSOLUTE)

    Execution Region ER_IROM1 (Exec base: 0x08000000, Load base: 0x08000000, Size: 0x0000c9c0, Max: 0x00100000, ABSOLUTE)

    Exec Addr    Load Addr    Size         Type   Attr      Idx    E Section Name        Object

    0x08000000   0x08000000   0x000001ac   Data   RO          558    RESET               startup_stm32f429xx.o
    0x080001ac   0x080001ac   0x00000008   Code   RO         3594  * !!!main             c_w.l(__main.o)
    0x080001b4   0x080001b4   0x00000034   Code   RO         3805    !!!scatter          c_w.l(__scatter.o)
    0x080001e8   0x080001e8   0x0000001a   Code   RO         3807    !!handler_copy      c_w.l(__scatter_copy.o)
    0x08000202   0x08000202   0x00000002   PAD
    0x08000204   0x08000204   0x0000001c   Code   RO         3809    !!handler_zi        c_w.l(__scatter_zi.o)
    0x08000220   0x08000220   0x00000000   Code   RO         3591    .ARM.Collect$$_printf_percent$$00000000  c_w.l(_printf_percent.o)
    0x08000220   0x08000220   0x00000006   Code   RO         3590    .ARM.Collect$$_printf_percent$$0000000C  c_w.l(_printf_x.o)
    0x08000226   0x08000226   0x00000004   Code   RO         3635    .ARM.Collect$$_printf_percent$$00000017  c_w.l(_printf_percent_end.o)
    0x0800022a   0x0800022a   0x00000002   Code   RO         3679    .ARM.Collect$$libinit$$00000000  c_w.l(libinit.o)
    0x0800022c   0x0800022c   0x00000004   Code   RO         3685    .ARM.Collect$$libinit$$00000001  c_w.l(libinit2.o)
    0x08000230   0x08000230   0x00000000   Code   RO         3688    .ARM.Collect$$libinit$$00000004  c_w.l(libinit2.o)
    0x08000230   0x08000230   0x00000000   Code   RO         3691    .ARM.Collect$$libinit$$0000000A  c_w.l(libinit2.o)
    0x08000230   0x08000230   0x00000000   Code   RO         3693    .ARM.Collect$$libinit$$0000000C  c_w.l(libinit2.o)
    0x08000230   0x08000230   0x00000000   Code   RO         3695    .ARM.Collect$$libinit$$0000000E  c_w.l(libinit2.o)
    0x08000230   0x08000230   0x00000000   Code   RO         3698    .ARM.Collect$$libinit$$00000011  c_w.l(libinit2.o)
    0x08000230   0x08000230   0x00000000   Code   RO         3700    .ARM.Collect$$libinit$$00000013  c_w.l(libinit2.o)
    0x08000230   0x08000230   0x00000000   Code   RO         3702    .ARM.Collect$$libinit$$00000015  c_w.l(libinit2.o)
    0x08000230   0x08000230   0x00000000   Code   RO         3704    .ARM.Collect$$libinit$$00000017  c_w.l(libinit2.o)
    0x08000230   0x08000230   0x00000000   Code   RO         3706    .ARM.Collect$$libinit$$00000019  c_w.l(libinit2.o)
    0x08000230   0x08000230   0x00000000   Code   RO         3708    .ARM.Collect$$libinit$$0000001B  c_w.l(libinit2.o)
    0x08000230   0x08000230   0x00000000   Code   RO         3710    .ARM.Collect$$libinit$$0000001D  c_w.l(libinit2.o)
    0x08000230   0x08000230   0x00000000   Code   RO         3712    .ARM.Collect$$libinit$$0000001F  c_w.l(libinit2.o)
    0x08000230   0x08000230   0x00000000   Code   RO         3714    .ARM.Collect$$libinit$$00000021  c_w.l(libinit2.o)
    0x08000230   0x08000230   0x00000000   Code   RO         3716    .ARM.Collect$$libinit$$00000023  c_w.l(libinit2.o)
    0x08000230   0x08000230   0x00000000   Code   RO         3718    .ARM.Collect$$libinit$$00000025  c_w.l(libinit2.o)
    0x08000230   0x08000230   0x00000000   Code   RO         3722    .ARM.Collect$$libinit$$0000002C  c_w.l(libinit2.o)
    0x08000230   0x08000230   0x00000000   Code   RO         3724    .ARM.Collect$$libinit$$0000002E  c_w.l(libinit2.o)
    0x08000230   0x08000230   0x00000000   Code   RO         3726    .ARM.Collect$$libinit$$00000030  c_w.l(libinit2.o)
    0x08000230   0x08000230   0x00000000   Code   RO         3728    .ARM.Collect$$libinit$$00000032  c_w.l(libinit2.o)
    0x08000230   0x08000230   0x00000002   Code   RO         3729    .ARM.Collect$$libinit$$00000033  c_w.l(libinit2.o)
    0x08000232   0x08000232   0x00000002   Code   RO         3747    .ARM.Collect$$libshutdown$$00000000  c_w.l(libshutdown.o)
    0x08000234   0x08000234   0x00000000   Code   RO         3757    .ARM.Collect$$libshutdown$$00000002  c_w.l(libshutdown2.o)
    0x08000234   0x08000234   0x00000000   Code   RO         3759    .ARM.Collect$$libshutdown$$00000004  c_w.l(libshutdown2.o)
    0x08000234   0x08000234   0x00000000   Code   RO         3762    .ARM.Collect$$libshutdown$$00000007  c_w.l(libshutdown2.o)
    0x08000234   0x08000234   0x00000000   Code   RO         3765    .ARM.Collect$$libshutdown$$0000000A  c_w.l(libshutdown2.o)
    0x08000234   0x08000234   0x00000000   Code   RO         3767    .ARM.Collect$$libshutdown$$0000000C  c_w.l(libshutdown2.o)
    0x08000234   0x08000234   0x00000000   Code   RO         3770    .ARM.Collect$$libshutdown$$0000000F  c_w.l(libshutdown2.o)
    0x08000234   0x08000234   0x00000002   Code   RO         3771    .ARM.Collect$$libshutdown$$00000010  c_w.l(libshutdown2.o)
    0x08000236   0x08000236   0x00000000   Code   RO         3626    .ARM.Collect$$rtentry$$00000000  c_w.l(__rtentry.o)
    0x08000236   0x08000236   0x00000000   Code   RO         3648    .ARM.Collect$$rtentry$$00000002  c_w.l(__rtentry2.o)
    0x08000236   0x08000236   0x00000006   Code   RO         3660    .ARM.Collect$$rtentry$$00000004  c_w.l(__rtentry4.o)
    0x0800023c   0x0800023c   0x00000000   Code   RO         3650    .ARM.Collect$$rtentry$$00000009  c_w.l(__rtentry2.o)
    0x0800023c   0x0800023c   0x00000004   Code   RO         3651    .ARM.Collect$$rtentry$$0000000A  c_w.l(__rtentry2.o)
    0x08000240   0x08000240   0x00000000   Code   RO         3653    .ARM.Collect$$rtentry$$0000000C  c_w.l(__rtentry2.o)
    0x08000240   0x08000240   0x00000008   Code   RO         3654    .ARM.Collect$$rtentry$$0000000D  c_w.l(__rtentry2.o)
    0x08000248   0x08000248   0x00000002   Code   RO         3683    .ARM.Collect$$rtexit$$00000000  c_w.l(rtexit.o)
    0x0800024a   0x0800024a   0x00000000   Code   RO         3731    .ARM.Collect$$rtexit$$00000002  c_w.l(rtexit2.o)
    0x0800024a   0x0800024a   0x00000004   Code   RO         3732    .ARM.Collect$$rtexit$$00000003  c_w.l(rtexit2.o)
    0x0800024e   0x0800024e   0x00000006   Code   RO         3733    .ARM.Collect$$rtexit$$00000004  c_w.l(rtexit2.o)
    0x08000254   0x08000254   0x00000040   Code   RO          559    .text               startup_stm32f429xx.o
    0x08000294   0x08000294   0x00000002   Code   RO         3535    .text               c_w.l(use_no_semi_2.o)
    0x08000296   0x08000296   0x00000002   PAD
    0x08000298   0x08000298   0x00000018   Code   RO         3541    .text               c_w.l(noretval__2printf.o)
    0x080002b0   0x080002b0   0x00000028   Code   RO         3543    .text               c_w.l(noretval__2sprintf.o)
    0x080002d8   0x080002d8   0x0000004e   Code   RO         3547    .text               c_w.l(_printf_pad.o)
    0x08000326   0x08000326   0x00000002   PAD
    0x08000328   0x08000328   0x00000058   Code   RO         3552    .text               c_w.l(_printf_hex_int.o)
    0x08000380   0x08000380   0x00000138   Code   RO         3582    .text               c_w.l(__printf_flags_wp.o)
    0x080004b8   0x080004b8   0x00000006   Code   RO         3592    .text               c_w.l(heapauxi.o)
    0x080004be   0x080004be   0x00000002   Code   RO         3624    .text               c_w.l(use_no_semi.o)
    0x080004c0   0x080004c0   0x000000b2   Code   RO         3627    .text               c_w.l(_printf_intcommon.o)
    0x08000572   0x08000572   0x00000002   PAD
    0x08000574   0x08000574   0x00000030   Code   RO         3629    .text               c_w.l(_printf_char_common.o)
    0x080005a4   0x080005a4   0x0000000a   Code   RO         3631    .text               c_w.l(_sputc.o)
    0x080005ae   0x080005ae   0x00000002   PAD
    0x080005b0   0x080005b0   0x00000024   Code   RO         3633    .text               c_w.l(_printf_char_file.o)
    0x080005d4   0x080005d4   0x00000008   Code   RO         3664    .text               c_w.l(ferror.o)
    0x080005dc   0x080005dc   0x0000004a   Code   RO         3670    .text               c_w.l(sys_stackheap_outer.o)
    0x08000626   0x08000626   0x00000012   Code   RO         3672    .text               c_w.l(exit.o)
    0x08000638   0x08000638   0x00000008   Code   RO         3680    .text               c_w.l(libspace.o)
    0x08000640   0x08000640   0x00000004   Code   RO          302    i.BusFault_Handler  stm32f4xx_it.o
    0x08000644   0x08000644   0x0000030c   Code   RO            4    i.CAL_CountDown     main.o
    0x08000950   0x08000950   0x00000002   Code   RO          303    i.DebugMon_Handler  stm32f4xx_it.o
    0x08000952   0x08000952   0x00000002   PAD
    0x08000954   0x08000954   0x00000048   Code   RO         2728    i.FMC_NORSRAM_Extended_Timing_Init  stm32f4xx_ll_fmc.o
    0x0800099c   0x0800099c   0x00000080   Code   RO         2729    i.FMC_NORSRAM_Init  stm32f4xx_ll_fmc.o
    0x08000a1c   0x08000a1c   0x0000005e   Code   RO         2730    i.FMC_NORSRAM_Timing_Init  stm32f4xx_ll_fmc.o
    0x08000a7a   0x08000a7a   0x00000002   PAD
    0x08000a7c   0x08000a7c   0x0000021c   Code   RO          855    i.HAL_GPIO_Init     stm32f4xx_hal_gpio.o
    0x08000c98   0x08000c98   0x00000010   Code   RO          857    i.HAL_GPIO_ReadPin  stm32f4xx_hal_gpio.o
    0x08000ca8   0x08000ca8   0x0000000c   Code   RO          859    i.HAL_GPIO_WritePin  stm32f4xx_hal_gpio.o
    0x08000cb4   0x08000cb4   0x0000000c   Code   RO          581    i.HAL_GetTick       stm32f4xx_hal.o
    0x08000cc0   0x08000cc0   0x00000010   Code   RO          582    i.HAL_IncTick       stm32f4xx_hal.o
    0x08000cd0   0x08000cd0   0x0000003c   Code   RO          583    i.HAL_Init          stm32f4xx_hal.o
    0x08000d0c   0x08000d0c   0x00000024   Code   RO          584    i.HAL_InitTick      stm32f4xx_hal.o
    0x08000d30   0x08000d30   0x0000000a   Code   RO          586    i.HAL_MspInit       stm32f4xx_hal.o
    0x08000d3a   0x08000d3a   0x0000001a   Code   RO          727    i.HAL_NVIC_EnableIRQ  stm32f4xx_hal_cortex.o
    0x08000d54   0x08000d54   0x0000007c   Code   RO          733    i.HAL_NVIC_SetPriority  stm32f4xx_hal_cortex.o
    0x08000dd0   0x08000dd0   0x00000028   Code   RO          734    i.HAL_NVIC_SetPriorityGrouping  stm32f4xx_hal_cortex.o
    0x08000df8   0x08000df8   0x000000a4   Code   RO         1044    i.HAL_PWREx_EnableOverDrive  stm32f4xx_hal_pwr_ex.o
    0x08000e9c   0x08000e9c   0x000002b0   Code   RO         1111    i.HAL_RCC_ClockConfig  stm32f4xx_hal_rcc.o
    0x0800114c   0x0800114c   0x00000038   Code   RO         1116    i.HAL_RCC_GetHCLKFreq  stm32f4xx_hal_rcc.o
    0x08001184   0x08001184   0x0000002c   Code   RO         1118    i.HAL_RCC_GetPCLK1Freq  stm32f4xx_hal_rcc.o
    0x080011b0   0x080011b0   0x0000002c   Code   RO         1119    i.HAL_RCC_GetPCLK2Freq  stm32f4xx_hal_rcc.o
    0x080011dc   0x080011dc   0x000000b4   Code   RO         1120    i.HAL_RCC_GetSysClockFreq  stm32f4xx_hal_rcc.o
    0x08001290   0x08001290   0x00000408   Code   RO         1123    i.HAL_RCC_OscConfig  stm32f4xx_hal_rcc.o
    0x08001698   0x08001698   0x00000058   Code   RO         2904    i.HAL_SRAM_Init     stm32f4xx_hal_sram.o
    0x080016f0   0x080016f0   0x000000a4   Code   RO         3169    i.HAL_SRAM_MspInit  lcd.o
    0x08001794   0x08001794   0x00000028   Code   RO          736    i.HAL_SYSTICK_CLKSourceConfig  stm32f4xx_hal_cortex.o
    0x080017bc   0x080017bc   0x00000034   Code   RO          738    i.HAL_SYSTICK_Config  stm32f4xx_hal_cortex.o
    0x080017f0   0x080017f0   0x00000002   Code   RO         2481    i.HAL_TIMEx_BreakCallback  stm32f4xx_hal_tim_ex.o
    0x080017f2   0x080017f2   0x00000002   Code   RO         2482    i.HAL_TIMEx_CommutationCallback  stm32f4xx_hal_tim_ex.o
    0x080017f4   0x080017f4   0x00000034   Code   RO         1842    i.HAL_TIM_Base_Init  stm32f4xx_hal_tim.o
    0x08001828   0x08001828   0x00000048   Code   RO         3421    i.HAL_TIM_Base_MspInit  timer.o
    0x08001870   0x08001870   0x0000001e   Code   RO         1847    i.HAL_TIM_Base_Start_IT  stm32f4xx_hal_tim.o
    0x0800188e   0x0800188e   0x00000002   Code   RO         1871    i.HAL_TIM_IC_CaptureCallback  stm32f4xx_hal_tim.o
    0x08001890   0x08001890   0x00000196   Code   RO         1884    i.HAL_TIM_IRQHandler  stm32f4xx_hal_tim.o
    0x08001a26   0x08001a26   0x00000002   Code   RO         1887    i.HAL_TIM_OC_DelayElapsedCallback  stm32f4xx_hal_tim.o
    0x08001a28   0x08001a28   0x00000108   Code   RO         1908    i.HAL_TIM_PWM_ConfigChannel  stm32f4xx_hal_tim.o
    0x08001b30   0x08001b30   0x00000034   Code   RO         1911    i.HAL_TIM_PWM_Init  stm32f4xx_hal_tim.o
    0x08001b64   0x08001b64   0x00000070   Code   RO         3469    i.HAL_TIM_PWM_MspInit  pwm.o
    0x08001bd4   0x08001bd4   0x00000002   Code   RO         1914    i.HAL_TIM_PWM_PulseFinishedCallback  stm32f4xx_hal_tim.o
    0x08001bd6   0x08001bd6   0x00000002   PAD
    0x08001bd8   0x08001bd8   0x0000004c   Code   RO         1915    i.HAL_TIM_PWM_Start  stm32f4xx_hal_tim.o
    0x08001c24   0x08001c24   0x00000030   Code   RO         3422    i.HAL_TIM_PeriodElapsedCallback  timer.o
    0x08001c54   0x08001c54   0x00000002   Code   RO         1925    i.HAL_TIM_TriggerCallback  stm32f4xx_hal_tim.o
    0x08001c56   0x08001c56   0x00000002   Code   RO         1263    i.HAL_UART_ErrorCallback  stm32f4xx_hal_uart.o
    0x08001c58   0x08001c58   0x00000130   Code   RO         1266    i.HAL_UART_IRQHandler  stm32f4xx_hal_uart.o
    0x08001d88   0x08001d88   0x0000006e   Code   RO         1267    i.HAL_UART_Init     stm32f4xx_hal_uart.o
    0x08001df6   0x08001df6   0x00000002   PAD
    0x08001df8   0x08001df8   0x000000b4   Code   RO         3086    i.HAL_UART_MspInit  usart.o
    0x08001eac   0x08001eac   0x000000f8   Code   RO         1270    i.HAL_UART_Receive  stm32f4xx_hal_uart.o
    0x08001fa4   0x08001fa4   0x00000002   Code   RO         1273    i.HAL_UART_RxCpltCallback  stm32f4xx_hal_uart.o
    0x08001fa6   0x08001fa6   0x00000002   Code   RO         1278    i.HAL_UART_TxCpltCallback  stm32f4xx_hal_uart.o
    0x08001fa8   0x08001fa8   0x00000004   Code   RO          304    i.HardFault_Handler  stm32f4xx_it.o
    0x08001fac   0x08001fac   0x00000462   Code   RO            5    i.Item_Refresh      main.o
    0x0800240e   0x0800240e   0x00000002   PAD
    0x08002410   0x08002410   0x000000b4   Code   RO         3390    i.KEY_Init          key.o
    0x080024c4   0x080024c4   0x00000148   Code   RO         3391    i.KEY_Scan          key.o
    0x0800260c   0x0800260c   0x00000780   Code   RO            6    i.Key_Aciton        main.o
    0x08002d8c   0x08002d8c   0x00000034   Code   RO         3171    i.LCD_Clear         lcd.o
    0x08002dc0   0x08002dc0   0x00000160   Code   RO         3175    i.LCD_Display_Dir   lcd.o
    0x08002f20   0x08002f20   0x000000b0   Code   RO         3176    i.LCD_DrawLine      lcd.o
    0x08002fd0   0x08002fd0   0x00000024   Code   RO         3177    i.LCD_DrawPoint     lcd.o
    0x08002ff4   0x08002ff4   0x00000098   Code   RO         3179    i.LCD_Draw_Circle   lcd.o
    0x0800308c   0x0800308c   0x00000108   Code   RO         3180    i.LCD_Fast_DrawPoint  lcd.o
    0x08003194   0x08003194   0x00000054   Code   RO         3181    i.LCD_Fill          lcd.o
    0x080031e8   0x080031e8   0x00002474   Code   RO         3182    i.LCD_Init          lcd.o
    0x0800565c   0x0800565c   0x00000016   Code   RO         3183    i.LCD_Pow           lcd.o
    0x08005672   0x08005672   0x00000002   PAD
    0x08005674   0x08005674   0x00000014   Code   RO         3184    i.LCD_RD_DATA       lcd.o
    0x08005688   0x08005688   0x00000060   Code   RO         3187    i.LCD_SSD_BackLightSet  lcd.o
    0x080056e8   0x080056e8   0x00000274   Code   RO         3188    i.LCD_Scan_Dir      lcd.o
    0x0800595c   0x0800595c   0x00000138   Code   RO         3189    i.LCD_SetCursor     lcd.o
    0x08005a94   0x08005a94   0x0000018c   Code   RO         3191    i.LCD_ShowChar      lcd.o
    0x08005c20   0x08005c20   0x00000094   Code   RO         3192    i.LCD_ShowNum       lcd.o
    0x08005cb4   0x08005cb4   0x0000008e   Code   RO         3193    i.LCD_ShowString    lcd.o
    0x08005d42   0x08005d42   0x00000002   PAD
    0x08005d44   0x08005d44   0x00000018   Code   RO         3195    i.LCD_WR_DATA       lcd.o
    0x08005d5c   0x08005d5c   0x00000018   Code   RO         3196    i.LCD_WR_REG        lcd.o
    0x08005d74   0x08005d74   0x00000014   Code   RO         3198    i.LCD_WriteRAM_Prepare  lcd.o
    0x08005d88   0x08005d88   0x00000010   Code   RO         3199    i.LCD_WriteReg      lcd.o
    0x08005d98   0x08005d98   0x0000005c   Code   RO         3145    i.LED_Init          led.o
    0x08005df4   0x08005df4   0x00000334   Code   RO          516    i.Mada_execute      mada.o
    0x08006128   0x08006128   0x00000124   Code   RO          517    i.Mada_out          mada.o
    0x0800624c   0x0800624c   0x00000004   Code   RO          305    i.MemManage_Handler  stm32f4xx_it.o
    0x08006250   0x08006250   0x00000002   Code   RO          306    i.NMI_Handler       stm32f4xx_it.o
    0x08006252   0x08006252   0x00000002   PAD
    0x08006254   0x08006254   0x00000010   Code   RO          740    i.NVIC_GetPriorityGrouping  stm32f4xx_hal_cortex.o
    0x08006264   0x08006264   0x00000028   Code   RO          741    i.NVIC_SetPriority  stm32f4xx_hal_cortex.o
    0x0800628c   0x0800628c   0x00000002   Code   RO          307    i.PendSV_Handler    stm32f4xx_it.o
    0x0800628e   0x0800628e   0x00000002   Code   RO          308    i.SVC_Handler       stm32f4xx_it.o
    0x08006290   0x08006290   0x00000088   Code   RO         3470    i.SetAngle          pwm.o
    0x08006318   0x08006318   0x00000088   Code   RO         3471    i.SetBoostPWM_Duty  pwm.o
    0x080063a0   0x080063a0   0x00000088   Code   RO         3472    i.SetBoostPWM_Freq  pwm.o
    0x08006428   0x08006428   0x000000b8   Code   RO         3059    i.Stm32_Clock_Init  sys.o
    0x080064e0   0x080064e0   0x00000008   Code   RO          309    i.SysTick_Handler   stm32f4xx_it.o
    0x080064e8   0x080064e8   0x00000064   Code   RO          381    i.SystemInit        system_stm32f4xx.o
    0x0800654c   0x0800654c   0x0000004c   Code   RO         3474    i.TIM3_PWM_Init     pwm.o
    0x08006598   0x08006598   0x00000010   Code   RO         3423    i.TIM4_IRQHandler   timer.o
    0x080065a8   0x080065a8   0x0000002c   Code   RO         3424    i.TIM4_Init         timer.o
    0x080065d4   0x080065d4   0x000000e4   Code   RO         1926    i.TIM_Base_SetConfig  stm32f4xx_hal_tim.o
    0x080066b8   0x080066b8   0x0000001c   Code   RO         1927    i.TIM_CCxChannelCmd  stm32f4xx_hal_tim.o
    0x080066d4   0x080066d4   0x00000070   Code   RO         1935    i.TIM_OC1_SetConfig  stm32f4xx_hal_tim.o
    0x08006744   0x08006744   0x00000078   Code   RO         1936    i.TIM_OC2_SetConfig  stm32f4xx_hal_tim.o
    0x080067bc   0x080067bc   0x00000078   Code   RO         1937    i.TIM_OC3_SetConfig  stm32f4xx_hal_tim.o
    0x08006834   0x08006834   0x00000060   Code   RO         1938    i.TIM_OC4_SetConfig  stm32f4xx_hal_tim.o
    0x08006894   0x08006894   0x00000030   Code   RO         1285    i.UART_EndTransmit_IT  stm32f4xx_hal_uart.o
    0x080068c4   0x080068c4   0x000000bc   Code   RO         1286    i.UART_Receive_IT   stm32f4xx_hal_uart.o
    0x08006980   0x08006980   0x00000224   Code   RO         1287    i.UART_SetConfig    stm32f4xx_hal_uart.o
    0x08006ba4   0x08006ba4   0x00000070   Code   RO         1288    i.UART_Transmit_IT  stm32f4xx_hal_uart.o
    0x08006c14   0x08006c14   0x000000fa   Code   RO         1289    i.UART_WaitOnFlagUntilTimeout  stm32f4xx_hal_uart.o
    0x08006d0e   0x08006d0e   0x00000002   PAD
    0x08006d10   0x08006d10   0x000000a0   Code   RO         3087    i.USART1_IRQHandler  usart.o
    0x08006db0   0x08006db0   0x00000004   Code   RO          310    i.UsageFault_Handler  stm32f4xx_it.o
    0x08006db4   0x08006db4   0x0000000e   Code   RO         3580    i._is_digit         c_w.l(__printf_wp.o)
    0x08006dc2   0x08006dc2   0x00000004   Code   RO         3088    i._sys_exit         usart.o
    0x08006dc6   0x08006dc6   0x00000002   PAD
    0x08006dc8   0x08006dc8   0x00000014   Code   RO         3020    i.delay_init        delay.o
    0x08006ddc   0x08006ddc   0x00000018   Code   RO         3021    i.delay_ms          delay.o
    0x08006df4   0x08006df4   0x00000048   Code   RO         3022    i.delay_us          delay.o
    0x08006e3c   0x08006e3c   0x0000001c   Code   RO         3089    i.fputc             usart.o
    0x08006e58   0x08006e58   0x0000075c   Code   RO            7    i.main              main.o
    0x080075b4   0x080075b4   0x0000002c   Code   RO         3090    i.uart_init         usart.o
    0x080075e0   0x080075e0   0x00000062   Code   RO         3596    x$fpl$d2f           fz_wm.l(d2f.o)
    0x08007642   0x08007642   0x00000002   PAD
    0x08007644   0x08007644   0x00000150   Code   RO         3598    x$fpl$dadd          fz_wm.l(daddsub_clz.o)
    0x08007794   0x08007794   0x00000018   Code   RO         3668    x$fpl$dcmpinf       fz_wm.l(dcmpi.o)
    0x080077ac   0x080077ac   0x000002b0   Code   RO         3605    x$fpl$ddiv          fz_wm.l(ddiv.o)
    0x08007a5c   0x08007a5c   0x0000005a   Code   RO         3608    x$fpl$dfixu         fz_wm.l(dfixu.o)
    0x08007ab6   0x08007ab6   0x00000026   Code   RO         3612    x$fpl$dfltu         fz_wm.l(dflt_clz.o)
    0x08007adc   0x08007adc   0x00000078   Code   RO         3636    x$fpl$dleqf         fz_wm.l(dleqf.o)
    0x08007b54   0x08007b54   0x00000154   Code   RO         3618    x$fpl$dmul          fz_wm.l(dmul.o)
    0x08007ca8   0x08007ca8   0x0000009c   Code   RO         3638    x$fpl$dnaninf       fz_wm.l(dnaninf.o)
    0x08007d44   0x08007d44   0x0000000c   Code   RO         3640    x$fpl$dretinf       fz_wm.l(dretinf.o)
    0x08007d50   0x08007d50   0x0000006c   Code   RO         3620    x$fpl$drleqf        fz_wm.l(drleqf.o)
    0x08007dbc   0x08007dbc   0x000001d4   Code   RO         3600    x$fpl$dsub          fz_wm.l(daddsub_clz.o)
    0x08007f90   0x08007f90   0x00000056   Code   RO         3622    x$fpl$f2d           fz_wm.l(f2d.o)
    0x08007fe6   0x08007fe6   0x0000008c   Code   RO         3642    x$fpl$fnaninf       fz_wm.l(fnaninf.o)
    0x08008072   0x08008072   0x0000000a   Code   RO         3739    x$fpl$fpinit        fz_wm.l(fpinit.o)
    0x0800807c   0x0800807c   0x0000000a   Code   RO         3644    x$fpl$fretinf       fz_wm.l(fretinf.o)
    0x08008086   0x08008086   0x00000000   Code   RO         3646    x$fpl$usenofp       fz_wm.l(usenofp.o)
    0x08008086   0x08008086   0x00000010   Data   RO         1124    .constdata          stm32f4xx_hal_rcc.o
    0x08008096   0x08008096   0x000048a0   Data   RO         3202    .constdata          lcd.o
    0x0800c936   0x0800c936   0x00000028   Data   RO         3553    .constdata          c_w.l(_printf_hex_int.o)
    0x0800c95e   0x0800c95e   0x00000011   Data   RO         3583    .constdata          c_w.l(__printf_flags_wp.o)
    0x0800c96f   0x0800c96f   0x00000001   PAD
    0x0800c970   0x0800c970   0x0000002e   Data   RO            9    .conststring        main.o
    0x0800c99e   0x0800c99e   0x00000002   PAD
    0x0800c9a0   0x0800c9a0   0x00000020   Data   RO         3803    Region$$Table       anon$$obj.o


    Execution Region RW_IRAM1 (Exec base: 0x20000000, Load base: 0x0800c9c0, Size: 0x000009d0, Max: 0x00030000, ABSOLUTE)

    Exec Addr    Load Addr    Size         Type   Attr      Idx    E Section Name        Object

    0x20000000   0x0800c9c0   0x00000071   Data   RW           10    .data               main.o
    0x20000071   0x0800ca31   0x00000003   PAD
    0x20000074   0x0800ca34   0x00000014   Data   RW          382    .data               system_stm32f4xx.o
    0x20000088   0x0800ca48   0x0000005c   Data   RW          520    .data               mada.o
    0x200000e4   0x0800caa4   0x00000004   Data   RW          589    .data               stm32f4xx_hal.o
    0x200000e8   0x0800caa8   0x00000004   Data   RW         3023    .data               delay.o
    0x200000ec   0x0800caac   0x00000007   Data   RW         3092    .data               usart.o
    0x200000f3   0x0800cab3   0x00000001   PAD
    0x200000f4   0x0800cab4   0x00000008   Data   RW         3203    .data               lcd.o
    0x200000fc   0x0800cabc   0x00000004   Data   RW         3392    .data               key.o
    0x20000100   0x0800cac0   0x00000008   Data   RW         3477    .data               pwm.o
    0x20000108        -       0x0000004c   Zero   RW            8    .bss                main.o
    0x20000154        -       0x00000020   Zero   RW          519    .bss                mada.o
    0x20000174        -       0x00000108   Zero   RW         3091    .bss                usart.o
    0x2000027c        -       0x0000005e   Zero   RW         3201    .bss                lcd.o
    0x200002da   0x0800cac8   0x00000002   PAD
    0x200002dc        -       0x0000003c   Zero   RW         3425    .bss                timer.o
    0x20000318        -       0x00000058   Zero   RW         3476    .bss                pwm.o
    0x20000370        -       0x00000060   Zero   RW         3681    .bss                c_w.l(libspace.o)
    0x200003d0        -       0x00000200   Zero   RW          557    HEAP                startup_stm32f429xx.o
    0x200005d0        -       0x00000400   Zero   RW          556    STACK               startup_stm32f429xx.o


==============================================================================

Image component sizes


      Code (inc. data)   RO Data    RW Data    ZI Data      Debug   Object Name

       116          8          0          4          0       1915   delay.o
       508         42          0          4          0       1806   key.o
     12460        206      18592          8         94      22867   lcd.o
        92         10          0          0          0        847   led.o
      1112         46          0         92         32       3712   mada.o
      5706        318         46        113         76     425726   main.o
       596         98          0          8         88       4006   pwm.o
        64         26        428          0       1536        816   startup_stm32f429xx.o
       134         16          0          4          0       4116   stm32f4xx_hal.o
       338         22          0          0          0      31361   stm32f4xx_hal_cortex.o
       568         54          0          0          0       3079   stm32f4xx_hal_gpio.o
       164         12          0          0          0       1268   stm32f4xx_hal_pwr_ex.o
      2044         66         16          0          0       5971   stm32f4xx_hal_rcc.o
        88          0          0          0          0       1196   stm32f4xx_hal_sram.o
      1592         88          0          0          0      11558   stm32f4xx_hal_tim.o
         4          0          0          0          0       1566   stm32f4xx_hal_tim_ex.o
      1814         10          0          0          0       8690   stm32f4xx_hal_uart.o
        32          0          0          0          0       3994   stm32f4xx_it.o
       294         12          0          0          0       2776   stm32f4xx_ll_fmc.o
       184          8          0          0          0       1215   sys.o
       100         18          0         20          0       1021   system_stm32f4xx.o
       180         36          0          0         60       2820   timer.o
       416         42          0          7        264       4803   usart.o

    ----------------------------------------------------------------------
     28626       1138      19116        264       2152     547129   Object Totals
         0          0         32          0          0          0   (incl. Generated)
        20          0          2          4          2          0   (incl. Padding)

    ----------------------------------------------------------------------

      Code (inc. data)   RO Data    RW Data    ZI Data      Debug   Library Member Name

         8          0          0          0          0         68   __main.o
       312          4         17          0          0         92   __printf_flags_wp.o
        14          0          0          0          0         68   __printf_wp.o
         0          0          0          0          0          0   __rtentry.o
        12          0          0          0          0          0   __rtentry2.o
         6          0          0          0          0          0   __rtentry4.o
        52          8          0          0          0          0   __scatter.o
        26          0          0          0          0          0   __scatter_copy.o
        28          0          0          0          0          0   __scatter_zi.o
        48          6          0          0          0         96   _printf_char_common.o
        36          4          0          0          0         80   _printf_char_file.o
        88          4         40          0          0         88   _printf_hex_int.o
       178          0          0          0          0         88   _printf_intcommon.o
        78          0          0          0          0        108   _printf_pad.o
         0          0          0          0          0          0   _printf_percent.o
         4          0          0          0          0          0   _printf_percent_end.o
         6          0          0          0          0          0   _printf_x.o
        10          0          0          0          0         68   _sputc.o
        18          0          0          0          0         80   exit.o
         8          0          0          0          0         68   ferror.o
         6          0          0          0          0        152   heapauxi.o
         2          0          0          0          0          0   libinit.o
         6          0          0          0          0          0   libinit2.o
         2          0          0          0          0          0   libshutdown.o
         2          0          0          0          0          0   libshutdown2.o
         8          4          0          0         96         68   libspace.o
        24          4          0          0          0         84   noretval__2printf.o
        40          6          0          0          0         84   noretval__2sprintf.o
         2          0          0          0          0          0   rtexit.o
        10          0          0          0          0          0   rtexit2.o
        74          0          0          0          0         80   sys_stackheap_outer.o
         2          0          0          0          0         68   use_no_semi.o
         2          0          0          0          0         68   use_no_semi_2.o
        98          4          0          0          0        140   d2f.o
       804         16          0          0          0        368   daddsub_clz.o
        24          0          0          0          0        116   dcmpi.o
       688        140          0          0          0        256   ddiv.o
        90          4          0          0          0        140   dfixu.o
        38          0          0          0          0        116   dflt_clz.o
       120          4          0          0          0        140   dleqf.o
       340         12          0          0          0        152   dmul.o
       156          4          0          0          0        140   dnaninf.o
        12          0          0          0          0        116   dretinf.o
       108          0          0          0          0        128   drleqf.o
        86          4          0          0          0        132   f2d.o
       140          4          0          0          0        132   fnaninf.o
        10          0          0          0          0        116   fpinit.o
        10          0          0          0          0        116   fretinf.o
         0          0          0          0          0          0   usenofp.o

    ----------------------------------------------------------------------
      3848        232         58          0         96       3816   Library Totals
        12          0          1          0          0          0   (incl. Padding)

    ----------------------------------------------------------------------

      Code (inc. data)   RO Data    RW Data    ZI Data      Debug   Library Name

      1112         40         57          0         96       1508   c_w.l
      2724        192          0          0          0       2308   fz_wm.l

    ----------------------------------------------------------------------
      3848        232         58          0         96       3816   Library Totals

    ----------------------------------------------------------------------

==============================================================================


      Code (inc. data)   RO Data    RW Data    ZI Data      Debug   

     32474       1370      19174        264       2248     538317   Grand Totals
     32474       1370      19174        264       2248     538317   ELF Image Totals
     32474       1370      19174        264          0          0   ROM Totals

==============================================================================

    Total RO  Size (Code + RO Data)                51648 (  50.44kB)
    Total RW  Size (RW Data + ZI Data)              2512 (   2.45kB)
    Total ROM Size (Code + RO Data + RW Data)      51912 (  50.70kB)

==============================================================================

